03-17 16:16:03.351  1702  8303 D PowerManagerService: release:lock=149977903, flg=0x0, tag="AudioMix", name=audioserver", ws=null, uid=1041, pid=0
03-17 16:16:03.355  1702 27353 D PowerManagerService: ready=true,policy=3,wakefulness=1,wksummary=0x1,uasummary=0x1,bootcompleted=true,boostinprogress=false,waitmodeenable=false,mode=false,manual=38,auto=-1,adj=0.0userId=0
03-17 16:16:03.405  1702  1820 I DisplayPowerController: HBM brightnessOut =38
03-17 16:16:03.707  1702  1820 I DisplayPowerController: HBM brightnessOut =38
03-17 16:16:04.105  1702 27353 D WindowManager: interceptKeyTq keycode=3 interactive=true keyguardActive=false policyFlags=2b000002 down true canceled false
03-17 16:16:04.162  1702 17621 D PowerManagerService: userActivityNoUpdateLocked: eventTime=261988799, event=0, flags=0x0, uid=1000
03-17 16:16:04.185  1702  2105 D PowerManagerService: userActivityNoUpdateLocked: eventTime=261988822, event=0, flags=0x0, uid=1000
03-17 16:16:04.190  2227  2227 I PanelView: instantCollapse
03-17 16:16:04.209  1702  2105 D PowerManagerService: ready=true,policy=3,wakefulness=1,wksummary=0x1,uasummary=0x1,bootcompleted=true,boostinprogress=false,waitmodeenable=false,mode=false,manual=38,auto=-1,adj=0.0userId=0
03-17 16:16:04.224  2227  2227 I PhoneStatusBar: setSystemUiVisibility vis=0 mask=1 oldVal=40000500 newVal=40000500 diff=0 fullscreenStackVis=0 dockedStackVis=0, fullscreenStackBounds=Rect(0, 0 - 0, 0), dockedStackBounds=Rect(0, 0 - 0, 0)
03-17 16:16:04.399  1702  1736 I WindowManager: The change in focus caused us to need to do a layout begin
03-17 16:16:04.419  2227  2227 I StackScrollAlgorithm: updateClipping isOverlap:false, getTopPadding=333.0, Translation=0.0
03-17 16:16:04.459  1702  2633 D ActivityManager: Skipping, withExcluded: false, tr.intent:Intent { flg=0x10800000 cmp=com.tencent.qqmusic/.business.lockscreen.LockScreenActivity (has extras) }
03-17 16:16:04.476  1702  3694 D ActivityManager: Skipping, withExcluded: false, tr.intent:Intent { flg=0x10804000 cmp=com.android.systemui/.recents.RecentsActivity bnds=[264,444][920,908] }
03-17 16:16:04.540  2227  2227 I PhoneStatusBar: setSystemUiVisibility vis=c0000700 mask=ffffffff oldVal=708 newVal=c0000700 diff=c0000008 fullscreenStackVis=0 dockedStackVis=0, fullscreenStackBounds=Rect(0, 0 - 720, 1280), dockedStackBounds=Rect(0, 0 - 0, 0)
03-17 16:16:04.598  1702  2633 D PowerManagerService: ready=true,policy=3,wakefulness=1,wksummary=0x0,uasummary=0x1,bootcompleted=true,boostinprogress=false,waitmodeenable=false,mode=false,manual=38,auto=-1,adj=0.0userId=0
03-17 16:16:04.609  1702  1702 I NotificationManager: updateLightsLocked,turn off notificationLight
03-17 16:16:04.772  2227  2227 I PhoneStatusBar: updateNotificationShade: total=0, active=0
03-17 16:16:04.790  1702 17621 W ActivityManager: getTasks: caller 10111 does not hold REAL_GET_TASKS; limiting output
03-17 16:16:04.850  2227  2227 I StackScrollAlgorithm: updateDimmedActivatedHideSensitive overlap:false
03-17 16:16:05.065  1702  2633 W ActivityManager: getTasks: caller 10111 does not hold REAL_GET_TASKS; limiting output
03-17 16:16:05.512  1702  2096 I AlarmManager: sending alarm Alarm{2741459 type 3 when 509267844 PendingIntent{f75f81e: PendingIntentRecord{e204f60 com.android.phone broadcastIntent}}},repeatInterval = 0,listenerTag =null
03-17 16:16:05.579  1702  8671 D PowerManagerService: ready=true,policy=3,wakefulness=1,wksummary=0x1,uasummary=0x1,bootcompleted=true,boostinprogress=false,waitmodeenable=false,mode=false,manual=38,auto=-1,adj=0.0userId=0
03-17 16:16:05.595  1702  2618 I NotificationManager: onNotificationVisibilityChanged called
03-17 16:16:06.671  1702  2105 D PowerManagerService: ready=true,policy=3,wakefulness=1,wksummary=0x0,uasummary=0x1,bootcompleted=true,boostinprogress=false,waitmodeenable=false,mode=false,manual=38,auto=-1,adj=0.0userId=0
03-17 16:16:06.733  1702  1820 I DisplayPowerController: HBM brightnessIn =38
03-17 16:16:06.756  2227  2227 I PhoneStatusBar: updateNotificationShade: total=1, active=1
03-17 16:16:06.761  2227  2227 I PanelView: instantCollapse
03-17 16:16:06.763  1702  8303 I NotificationManager: onNotificationVisibilityChanged called
03-17 16:16:06.774  2227  2227 I StackScrollAlgorithm: state.clipTopAmount:204, i:0
03-17 16:16:06.783  2227  2227 I PanelView: cancelPeek: false
03-17 16:16:06.784  2227  2227 I PanelView: closeQs
03-17 16:16:06.794  2227  2227 I StackScrollAlgorithm: state.clipTopAmount:204, i:0
03-17 16:16:06.809  1702  3137 D PowerManagerService: ready=true,policy=3,wakefulness=1,wksummary=0x1,uasummary=0x1,bootcompleted=true,boostinprogress=false,waitmodeenable=false,mode=false,manual=38,auto=-1,adj=0.0userId=0
03-17 16:16:06.955  1702 10454 W ActivityManager: getRunningAppProcesses: caller 10113 does not hold REAL_GET_TASKS; limiting output
03-17 16:16:07.070  1702  8671 D ActivityManager: Skipping, withExcluded: false, tr.intent:Intent { act=com.android.contacts.action.CHOOSE_SUB dat=tel:xxxxxxxxxxx flg=0x10808000 cmp=com.android.contacts/.ChooseSubActivity (has extras) }
03-17 16:16:07.084  1702  3694 D ActivityManager: Skipping, withExcluded: false, tr.intent:Intent { act=android.intent.action.MAIN flg=0x10840000 cmp=com.android.incallui/.InCallActivity (has extras) }
03-17 16:16:07.188  2227  2227 I StackScrollAlgorithm: updateClipping isOverlap:false, getTopPadding=333.0, Translation=-24.0
03-17 16:16:07.936  1702  1820 I DisplayPowerController: HBM brightnessIn =38
03-17 16:16:08.237  1702  1820 D DisplayPowerController: Animating brightness: target=38, rate=200
03-17 16:16:08.840  1702  1820 I DisplayPowerController: HBM brightnessOut =38
