03-17 16:13:38.859  2227  2227 D TextView: visible is system.time.showampm
03-17 16:13:38.882  2227  2227 D TextView: mVisiblity.getValue is false
03-17 16:13:38.928  2227  2227 I StackScrollAlgorithm: updateDimmedActivatedHideSensitive overlap:false
03-17 16:13:38.994  1702 27365 I WindowManager: Destroying surface Surface(name=SurfaceView - com.tencent.qt.qtl/com.tencent.video.player.activity.PlayerActivity) called by com.android.server.wm.WindowStateAnimator.destroyDeferredSurfaceLocked:942 com.android.server.wm.WindowManagerService.performDeferredDestroyWindow:3407 com.android.server.wm.Session.performDeferredDestroy:225 android.view.IWindowSession$Stub.onTransact:398 com.android.server.wm.Session.onTransact:136 android.os.Binder.execTransact:565 <bottom of call stack> <bottom of call stack> 
03-17 16:13:39.070  1702  1815 D WindowManager: startAnimation begin
03-17 16:13:40.142  1702  2618 D PowerManagerService: acquire lock=166121161, flags=0x1, tag="RILJ_ACK_WL", name=com.android.phone, ws=null, uid=1001, pid=2626
03-17 16:13:40.241  2626  8682 W PhoneInterfaceManager: shouldBlockLocation running ...
03-17 16:13:40.309  1702  2395 D PowerManagerService: ready=true,policy=3,wakefulness=1,wksummary=0x1,uasummary=0x1,bootcompleted=true,boostinprogress=false,waitmodeenable=false,mode=false,manual=38,auto=-1,adj=0.0userId=0
03-17 16:13:40.343  1702  3697 D PowerManagerService: ready=true,policy=3,wakefulness=1,wksummary=0x1,uasummary=0x1,bootcompleted=true,boostinprogress=false,waitmodeenable=false,mode=false,manual=38,auto=-1,adj=0.0userId=0
03-17 16:13:41.481  1702 27357 D PowerManagerService: Releasing suspend blocker "PowerManagerService.WakeLocks".
03-17 16:13:45.316  1702 14640 D WindowManager: interceptKeyTq keycode=4 interactive=true keyguardActive=false policyFlags=2b000002 down true canceled false
03-17 16:13:45.362  2227  2318 V AudioManager: querySoundEffectsEnabled...
03-17 16:13:45.408  2227  2227 I PhoneStatusBar: notifyUiVisibilityChanged:vis=0x508, SystemUiVisibility=0x508
03-17 16:13:45.626  2227  2227 I PhoneStatusBar: setSystemUiVisibility vis=40000500 mask=ffffffff oldVal=508 newVal=40000500 diff=40000008 fullscreenStackVis=0 dockedStackVis=0, fullscreenStackBounds=Rect(0, 0 - 720, 1280), dockedStackBounds=Rect(0, 0 - 0, 0)
03-17 16:13:46.146  2227  2227 I PanelView: onTouchEvent::0, x=271.0, y=14.0
03-17 16:13:46.159  1702  3137 V AudioManager: getRingtonePlayer...
03-17 16:13:46.232  1702  8289 W ActivityManager: getRunningAppProcesses: caller 10113 does not hold REAL_GET_TASKS; limiting output
03-17 16:13:46.277  1702 14640 I WindowManager: Destroying surface Surface(name=com.tencent.qt.qtl/com.tencent.qt.qtl.activity.info.NewsDetailXmlActivity) called by com.android.server.wm.WindowStateAnimator.destroySurface:2060 com.android.server.wm.WindowStateAnimator.destroySurfaceLocked:913 com.android.server.wm.WindowState.removeLocked:1554 com.android.server.wm.WindowManagerService.removeWindowInnerLocked:2739 com.android.server.wm.WindowManagerService.removeWindowInnerLocked:2702 com.android.server.wm.WindowManagerService.removeWindowLocked:2691 com.android.server.wm.WindowManagerService.removeWindowLocked:2560 com.android.server.wm.WindowManagerService.removeWindow:2555 
03-17 16:13:46.306  2227  2227 I StackScrollAlgorithm: overlapAmount:119.0, previousNotificationEnd:0.0, newYTranslation:-119.0, location:4, i:0, getTopPadding:333.0, getLocationOnScreen():-452
03-17 16:13:46.318  2227  2227 I StackScrollAlgorithm: updateClipping isOverlap:true, getTopPadding=333.0, Translation=-418.0
03-17 16:13:46.350  2227  2227 I PhoneStatusBar: suspendAutohide
03-17 16:13:46.370  2227  2227 I StackScrollAlgorithm: updateDimmedActivatedHideSensitive overlap:false
03-17 16:13:46.398  2227  2227 I PanelView: cancelPeek: false
03-17 16:13:46.435  2227  2227 I StackScrollAlgorithm: updateClipping isOverlap:false, getTopPadding=333.0, Translation=-168.0
03-17 16:13:46.486  2227  2227 I StackScrollAlgorithm: updateDimmedActivatedHideSensitive overlap:false
03-17 16:13:46.551  2227  2227 I StackScrollAlgorithm: updateClipping isOverlap:false, getTopPadding=333.0, Translation=-29.0
03-17 16:13:46.602  2227  2227 I StackScrollAlgorithm: updateDimmedActivatedHideSensitive overlap:false
03-17 16:13:46.653  2227  2227 I StackScrollAlgorithm: updateDimmedActivatedHideSensitive overlap:false
03-17 16:13:46.765  2227  2794 W KeyguardUpdateMonitor: android.util.AndroidRuntimeException: Must execute in UI
03-17 16:13:47.012  1702  2105 D PowerManagerService: userActivityNoUpdateLocked: eventTime=261851646, event=2, flags=0x0, uid=1000
03-17 16:13:47.091  2227  2227 V AudioManager: querySoundEffectsEnabled...
03-17 16:13:47.114  1702 17622 I ActivityManager: ActivityRecord info: ActivityInfo{d1c8e63 com.tencent.mobileqq.activity.SplashActivity}, euid: 0
03-17 16:13:47.149  1702  1702 I NotificationManager: cancelNotification,index:0
03-17 16:13:47.224  2227  2227 I PanelView: flingToHeight: vel=0.0, expand=false, target=0.0, collapseSpeedUpFactor=1.0, expandBecauseOfFalsing=false
03-17 16:13:47.289  1702 17633 I WindowManager: Taking screenshot from Surface with crop:[Rect(0, 48 - 720, 1208)], width:[432], height:[696], minLayer:[21085], maxLayer:[21085], inRotation:[false], rot:[0]
03-17 16:13:47.341  1702  1702 I NotificationManager: updateLightsLocked,mInCall =false,mScreenOn = true,ledNotification == null?true
03-17 16:13:47.397  2227  2227 I StackScrollAlgorithm: updateDimmedActivatedHideSensitive overlap:false
03-17 16:13:47.410  1702 27357 I WindowManager: The change in focus caused us to need to do a layout end
03-17 16:13:47.449  2227  2227 I PhoneStatusBar: notifyUiVisibilityChanged:vis=0x508, SystemUiVisibility=0x508
03-17 16:13:47.471  2227  2227 I StackScrollAlgorithm: overlapAmount:213.0, previousNotificationEnd:0.0, newYTranslation:-213.0, location:4, i:0, getTopPadding:333.0, getLocationOnScreen():-546
03-17 16:13:47.498  2227  2227 I PhoneStatusBar: updateNotificationShade: total=0, active=0
03-17 16:13:47.517  1702  8671 D ActivityManager: Skipping, withExcluded: false, tr.intent:Intent { flg=0x18800000 cmp=com.tencent.mm/.plugin.base.stub.WXEntryActivity (has extras) }
03-17 16:13:47.547  1702  3694 D ActivityManager: Skipping, withExcluded: false, tr.intent:Intent { flg=0x10804000 cmp=com.android.systemui/.recents.RecentsActivity bnds=[264,444][920,908] }
03-17 16:13:47.585  1702 27353 I NotificationManager: cancelNotificationWithTag pid 28601,uid = 10111,tag = null,pkg =com.tencent.mobileqq,id =119
03-17 16:13:47.600  2227  2227 I PhoneStatusBar: notifyUiVisibilityChanged:vis=0x40000500, SystemUiVisibility=0x40000500
03-17 16:13:47.602  2227  2227 I PhoneStatusBar: resumeSuspendedAutohide
03-17 16:13:47.641  1702  3697 D PowerManagerService: ready=true,policy=3,wakefulness=1,wksummary=0x1,uasummary=0x1,bootcompleted=true,boostinprogress=false,waitmodeenable=false,mode=false,manual=38,auto=-1,adj=0.0userId=0
03-17 16:13:47.700  1702  1702 I NotificationManager: cancelNotification,index:-1
03-17 16:13:47.713  2227  2227 I StackScrollAlgorithm: updateDimmedActivatedHideSensitive overlap:false
03-17 16:13:47.811  2227  2227 I PhoneStatusBar: setSystemUiVisibility vis=0 mask=1 oldVal=40000500 newVal=40000500 diff=0 fullscreenStackVis=0 dockedStackVis=0, fullscreenStackBounds=Rect(0, 0 - 0, 0), dockedStackBounds=Rect(0, 0 - 0, 0)
03-17 16:13:48.020  2227  2227 I PhoneStatusBar: setSystemUiVisibility vis=0 mask=1 oldVal=40000500 newVal=40000500 diff=0 fullscreenStackVis=0 dockedStackVis=0, fullscreenStackBounds=Rect(0, 0 - 0, 0), dockedStackBounds=Rect(0, 0 - 0, 0)
03-17 16:13:50.662 23650 23689 V AudioManager: isMusicActive...
03-17 16:13:54.676  1702  2107 W ActivityManager: getRunningAppProcesses: caller 10113 does not hold REAL_GET_TASKS; limiting output
03-17 16:13:54.746  1702  1702 V AudioManager: setWiredDeviceConnectionState  type: 4  state: 0
03-17 16:13:55.173  1702  1820 I DisplayPowerController: HBM brightnessOut =38
03-17 16:13:55.804 23650 23689 V AudioManager: isMusicActive...
03-17 16:13:55.838  1702  3137 W ActivityManager: getRunningAppProcesses: caller 10091 does not hold REAL_GET_TASKS; limiting output
03-17 16:13:55.883  1702 27353 W ActivityManager: getRunningAppProcesses: caller 10091 does not hold REAL_GET_TASKS; limiting output
03-17 16:13:55.896  2227  2514 V AudioManager: getLastAudibleStreamVolume  treamType: 4
03-17 16:13:55.938  1702  1737 I ActivityManager: cleanUpApplicationRecordLocked, reset pid: 12025, euid: 0
03-17 16:13:56.177  1702  2644 W ActivityManager: getRunningAppProcesses: caller 10113 does not hold REAL_GET_TASKS; limiting output
03-17 16:13:58.797  1702  8303 D PowerManagerService: Releasing suspend blocker "PowerManagerService.WakeLocks".
03-17 16:14:00.022  2227  2227 I StackScrollAlgorithm: updateDimmedActivatedHideSensitive overlap:false
03-17 16:14:01.800  1702  2105 D PowerManagerService: userActivityNoUpdateLocked: eventTime=261866434, event=2, flags=0x0, uid=1000
03-17 16:14:02.045  2227  2227 I PhoneStatusBar: setSystemUiVisibility vis=0 mask=1 oldVal=40000500 newVal=40000500 diff=0 fullscreenStackVis=0 dockedStackVis=0, fullscreenStackBounds=Rect(0, 0 - 0, 0), dockedStackBounds=Rect(0, 0 - 0, 0)
03-17 16:14:02.090  2227  2227 V PhoneStatusBar: setLightsOn(true)
03-17 16:14:02.136  2227  2227 I PhoneStatusBar: setSystemUiVisibility vis=0 mask=1 oldVal=40000500 newVal=40000500 diff=0 fullscreenStackVis=0 dockedStackVis=0, fullscreenStackBounds=Rect(0, 0 - 0, 0), dockedStackBounds=Rect(0, 0 - 0, 0)
03-17 16:14:02.181  2227  2227 V PhoneStatusBar: setLightsOn(true)
03-17 16:14:02.603  1702  2105 D PowerManagerService: ready=true,policy=3,wakefulness=1,wksummary=0x0,uasummary=0x1,bootcompleted=true,boostinprogress=false,waitmodeenable=false,mode=false,manual=38,auto=-1,adj=0.0userId=0
03-17 16:14:02.833  2227  2227 V PhoneStatusBar: setLightsOn(true)
03-17 16:14:03.116  2227  2227 I PhoneStatusBar: setSystemUiVisibility vis=0 mask=1 oldVal=40000500 newVal=40000500 diff=0 fullscreenStackVis=0 dockedStackVis=0, fullscreenStackBounds=Rect(0, 0 - 0, 0), dockedStackBounds=Rect(0, 0 - 0, 0)
03-17 16:14:03.294  1702  1820 I DisplayPowerController: HBM brightnessIn =38
03-17 16:14:03.871  1702  2105 D PowerManagerService: userActivityNoUpdateLocked: eventTime=261868506, event=2, flags=0x0, uid=1000
03-17 16:14:04.319  1702  2555 I WindowManager: Destroying surface Surface(name=PopupWindow:9b04807) called by com.android.server.wm.WindowStateAnimator.destroySurface:2060 com.android.server.wm.WindowStateAnimator.destroySurfaceLocked:913 com.android.server.wm.WindowState.removeLocked:1554 com.android.server.wm.WindowManagerService.removeWindowInnerLocked:2739 com.android.server.wm.WindowManagerService.removeWindowInnerLocked:2702 com.android.server.wm.WindowManagerService.removeWindowLocked:2691 com.android.server.wm.WindowManagerService.removeWindowLocked:2560 com.android.server.wm.WindowManagerService.removeWindow:2555 
03-17 16:14:04.439  2227  2227 V PhoneStatusBar: setLightsOn(true)
03-17 16:14:04.505  2227  2227 I PhoneStatusBar: setSystemUiVisibility vis=0 mask=1 oldVal=40000500 newVal=40000500 diff=0 fullscreenStackVis=0 dockedStackVis=0, fullscreenStackBounds=Rect(0, 0 - 0, 0), dockedStackBounds=Rect(0, 0 - 0, 0)
03-17 16:14:05.460  1702  2105 D PowerManagerService: userActivityNoUpdateLocked: eventTime=261870094, event=2, flags=0x0, uid=1000
03-17 16:14:05.616  2227  2227 I PhoneStatusBar: setSystemUiVisibility vis=0 mask=1 oldVal=40000500 newVal=40000500 diff=0 fullscreenStackVis=0 dockedStackVis=0, fullscreenStackBounds=Rect(0, 0 - 0, 0), dockedStackBounds=Rect(0, 0 - 0, 0)
03-17 16:14:05.848  2227  2227 V PhoneStatusBar: setLightsOn(true)
03-17 16:14:05.972  2227  2227 I PhoneStatusBar: setSystemUiVisibility vis=0 mask=1 oldVal=40000500 newVal=40000500 diff=0 fullscreenStackVis=0 dockedStackVis=0, fullscreenStackBounds=Rect(0, 0 - 0, 0), dockedStackBounds=Rect(0, 0 - 0, 0)
03-17 16:14:06.044  2227  2227 I PhoneStatusBar: setSystemUiVisibility vis=0 mask=1 oldVal=40000500 newVal=40000500 diff=0 fullscreenStackVis=0 dockedStackVis=0, fullscreenStackBounds=Rect(0, 0 - 0, 0), dockedStackBounds=Rect(0, 0 - 0, 0)
03-17 16:14:06.115  2227  2227 I PhoneStatusBar: setSystemUiVisibility vis=0 mask=1 oldVal=40000500 newVal=40000500 diff=0 fullscreenStackVis=0 dockedStackVis=0, fullscreenStackBounds=Rect(0, 0 - 0, 0), dockedStackBounds=Rect(0, 0 - 0, 0)
03-17 16:14:06.612  1702  1820 I DisplayPowerController: HBM brightnessIn =38
03-17 16:14:06.916  1702  1820 I DisplayPowerController: HBM brightnessOut =38
03-17 16:14:07.711  2227  2227 I PhoneStatusBar: setSystemUiVisibility vis=0 mask=1 oldVal=40000500 newVal=40000500 diff=0 fullscreenStackVis=0 dockedStackVis=0, fullscreenStackBounds=Rect(0, 0 - 0, 0), dockedStackBounds=Rect(0, 0 - 0, 0)
03-17 16:14:07.878  2227  2227 V PhoneStatusBar: setLightsOn(true)
03-17 16:14:08.061  2227  2227 I PhoneStatusBar: setSystemUiVisibility vis=0 mask=1 oldVal=40000500 newVal=40000500 diff=0 fullscreenStackVis=0 dockedStackVis=0, fullscreenStackBounds=Rect(0, 0 - 0, 0), dockedStackBounds=Rect(0, 0 - 0, 0)
03-17 16:14:08.162  2626  2808 W PhoneInterfaceManager: shouldBlockLocation running ...
03-17 16:14:08.244  2626  2839 W PhoneInterfaceManager: shouldBlockLocation running ...
03-17 16:14:08.266  1702  8290 D PowerManagerService: ready=true,policy=3,wakefulness=1,wksummary=0x0,uasummary=0x1,bootcompleted=true,boostinprogress=false,waitmodeenable=false,mode=false,manual=38,auto=-1,adj=0.0userId=0
03-17 16:14:08.279  2227  2227 I PhoneStatusBar: setSystemUiVisibility vis=0 mask=1 oldVal=40000500 newVal=40000500 diff=0 fullscreenStackVis=0 dockedStackVis=0, fullscreenStackBounds=Rect(0, 0 - 0, 0), dockedStackBounds=Rect(0, 0 - 0, 0)
03-17 16:14:08.324  2626 23469 W PhoneInterfaceManager: shouldBlockLocation running ...
03-17 16:14:09.583  2227  2227 I PhoneStatusBar: setSystemUiVisibility vis=0 mask=1 oldVal=40000500 newVal=40000500 diff=0 fullscreenStackVis=0 dockedStackVis=0, fullscreenStackBounds=Rect(0, 0 - 0, 0), dockedStackBounds=Rect(0, 0 - 0, 0)
03-17 16:14:09.960  1702 27357 W ActivityManager: getTasks: caller 10111 does not hold REAL_GET_TASKS; limiting output
03-17 16:14:10.853  2227  2227 V PhoneStatusBar: setLightsOn(true)
03-17 16:14:14.950  1702  2105 D PowerManagerService: userActivityNoUpdateLocked: eventTime=261879585, event=2, flags=0x0, uid=1000
03-17 16:14:15.087  1702  2555 I WindowManager: Destroying surface Surface(name=PopupWindow:9b04807) called by com.android.server.wm.WindowStateAnimator.destroySurface:2060 com.android.server.wm.WindowStateAnimator.destroySurfaceLocked:913 com.android.server.wm.WindowState.removeLocked:1554 com.android.server.wm.WindowManagerService.removeWindowInnerLocked:2739 com.android.server.wm.WindowManagerService.removeWindowInnerLocked:2702 com.android.server.wm.WindowManagerService.removeWindowLocked:2691 com.android.server.wm.WindowManagerService.removeWindowLocked:2560 com.android.server.wm.WindowManagerService.removeWindow:2555 
03-17 16:14:16.224  1702  2105 D PowerManagerService: ready=true,policy=3,wakefulness=1,wksummary=0x0,uasummary=0x1,bootcompleted=true,boostinprogress=false,waitmodeenable=false,mode=false,manual=38,auto=-1,adj=0.0userId=0
03-17 16:14:16.386  2227  2227 V PhoneStatusBar: setLightsOn(true)
03-17 16:14:16.769  1702  2105 D PowerManagerService: userActivityNoUpdateLocked: eventTime=261881405, event=2, flags=0x0, uid=1000
03-17 16:14:17.018  2227  2227 I PhoneStatusBar: setSystemUiVisibility vis=0 mask=1 oldVal=40000500 newVal=40000500 diff=0 fullscreenStackVis=0 dockedStackVis=0, fullscreenStackBounds=Rect(0, 0 - 0, 0), dockedStackBounds=Rect(0, 0 - 0, 0)
03-17 16:14:19.039  2227  2227 I PhoneStatusBar: setSystemUiVisibility vis=0 mask=1 oldVal=40000500 newVal=40000500 diff=0 fullscreenStackVis=0 dockedStackVis=0, fullscreenStackBounds=Rect(0, 0 - 0, 0), dockedStackBounds=Rect(0, 0 - 0, 0)
03-17 16:14:19.311  2227  2227 I PhoneStatusBar: setSystemUiVisibility vis=0 mask=1 oldVal=40000500 newVal=40000500 diff=0 fullscreenStackVis=0 dockedStackVis=0, fullscreenStackBounds=Rect(0, 0 - 0, 0), dockedStackBounds=Rect(0, 0 - 0, 0)
03-17 16:14:19.898  2227  2227 I PhoneStatusBar: setSystemUiVisibility vis=0 mask=1 oldVal=40000500 newVal=40000500 diff=0 fullscreenStackVis=0 dockedStackVis=0, fullscreenStackBounds=Rect(0, 0 - 0, 0), dockedStackBounds=Rect(0, 0 - 0, 0)
03-17 16:14:20.530  2227  2227 I PhoneStatusBar: setSystemUiVisibility vis=0 mask=1 oldVal=40000500 newVal=40000500 diff=0 fullscreenStackVis=0 dockedStackVis=0, fullscreenStackBounds=Rect(0, 0 - 0, 0), dockedStackBounds=Rect(0, 0 - 0, 0)
03-17 16:14:21.261  2227  2227 V PhoneStatusBar: setLightsOn(true)
03-17 16:14:21.467  2227  2227 I PhoneStatusBar: setSystemUiVisibility vis=0 mask=1 oldVal=40000500 newVal=40000500 diff=0 fullscreenStackVis=0 dockedStackVis=0, fullscreenStackBounds=Rect(0, 0 - 0, 0), dockedStackBounds=Rect(0, 0 - 0, 0)
03-17 16:14:22.502 28601 28601 V AudioManager: playSoundEffect   effectType: 0
03-17 16:14:22.539  2227  2227 I PhoneStatusBar: setSystemUiVisibility vis=0 mask=1 oldVal=40000500 newVal=40000500 diff=0 fullscreenStackVis=0 dockedStackVis=0, fullscreenStackBounds=Rect(0, 0 - 0, 0), dockedStackBounds=Rect(0, 0 - 0, 0)
03-17 16:14:22.687  2227  2227 V PhoneStatusBar: setLightsOn(true)
03-17 16:14:24.971  1702 27365 W ActivityManager: getTasks: caller 10111 does not hold REAL_GET_TASKS; limiting output
03-17 16:14:27.047  1702  2096 D PowerManagerService: Acquiring suspend blocker "PowerManagerService.WakeLocks".
03-17 16:14:27.162  1702  3693 I ActivityManager: cleanUpApplicationRecordLocked, pid: 5784, restart: false
03-17 16:14:27.181  1702  3694 I DisplayManagerService: stopWifiDisplayScanLocked record.mWifiDisplayScanRequested=false
03-17 16:14:29.484  1702  1820 D DisplayPowerController: Animating brightness: target=38, rate=200
03-17 16:14:33.691  1702 27357 W ActivityManager: getRunningAppProcesses: caller 10091 does not hold REAL_GET_TASKS; limiting output
03-17 16:14:36.708  1702  1820 I DisplayPowerController: HBM brightnessOut =38
03-17 16:14:37.312  1702  1820 D DisplayPowerController: Animating brightness: target=38, rate=200
03-17 16:14:43.030  1702  1820 I DisplayPowerController: HBM brightnessIn =38
03-17 16:14:53.261  1702  1820 I DisplayPowerController: HBM brightnessIn =38
03-17 16:14:56.126  1702  1737 D PowerManagerService: ready=true,policy=3,wakefulness=1,wksummary=0x1,uasummary=0x1,bootcompleted=true,boostinprogress=false,waitmodeenable=false,mode=false,manual=38,auto=-1,adj=0.0userId=0
03-17 16:14:56.872  1702  1820 I DisplayPowerController: HBM brightnessIn =38
03-17 16:15:00.006  1702  1702 I AlarmManager: scheduleTimeTickEvent triggerAtTime = 509262332
03-17 16:15:00.099  1702  8671 W ActivityManager: getRunningAppProcesses: caller 10113 does not hold REAL_GET_TASKS; limiting output
03-17 16:15:01.142  1702 17632 D PowerManagerService: release:lock=134680583, flg=0x0, tag="RILJ_ACK_WL", name=com.android.phone", ws=null, uid=1001, pid=2626
03-17 16:15:01.811  1702  1737 D PowerManagerService: acquire lock=134680583, flags=0x1, tag="RILJ_ACK_WL", name=com.android.phone, ws=null, uid=1001, pid=2626
03-17 16:15:01.939  2626  2839 W PhoneInterfaceManager: shouldBlockLocation running ...
03-17 16:15:02.022  3664  3807 D TelephonyManager: getNeighboringCellInfo calling app is com.amap.android.ams
03-17 16:15:02.051  2626  2808 W PhoneInterfaceManager: shouldBlockLocation running ...
03-17 16:15:02.065  1702  3137 D PowerManagerService: Acquiring suspend blocker "PowerManagerService.WakeLocks".
03-17 16:15:02.897  1702  1820 D DisplayPowerController: Animating brightness: target=38, rate=200
03-17 16:15:05.382  1702  2633 D PowerManagerService: Releasing suspend blocker "PowerManagerService.WakeLocks".
03-17 16:15:05.994  1702  8303 D PowerManagerService: acquire lock=120758482, flags=0x1, tag="RILJ_ACK_WL", name=com.android.phone, ws=null, uid=1001, pid=2626
03-17 16:15:06.008  1702  8290 D PowerManagerService: ready=true,policy=3,wakefulness=1,wksummary=0x1,uasummary=0x1,bootcompleted=true,boostinprogress=false,waitmodeenable=false,mode=false,manual=38,auto=-1,adj=0.0userId=0
03-17 16:15:06.192  3664  3807 D TelephonyManager: getNeighboringCellInfo calling app is com.amap.android.ams
03-17 16:15:06.211  1702 27353 D PowerManagerService: Releasing suspend blocker "PowerManagerService.WakeLocks".
03-17 16:15:06.225  1702  2644 D PowerManagerService: ready=true,policy=3,wakefulness=1,wksummary=0x1,uasummary=0x1,bootcompleted=true,boostinprogress=false,waitmodeenable=false,mode=false,manual=38,auto=-1,adj=0.0userId=0
03-17 16:15:06.807  1702  1820 I DisplayPowerController: HBM brightnessOut =38
03-17 16:15:07.856  1702  3137 D PowerManagerService: ready=true,policy=3,wakefulness=1,wksummary=0x1,uasummary=0x1,bootcompleted=true,boostinprogress=false,waitmodeenable=false,mode=false,manual=38,auto=-1,adj=0.0userId=0
03-17 16:15:08.022  2626  2839 W PhoneInterfaceManager: shouldBlockLocation running ...
03-17 16:15:08.063  2626  2839 I PhoneInterfaceManager: shouldBlockLocation  ret:false
03-17 16:15:08.089  2626  2838 W PhoneInterfaceManager: shouldBlockLocation running ...
03-17 16:15:15.844  1702  1820 D DisplayPowerController: Animating brightness: target=38, rate=200
03-17 16:15:19.882  1702 17621 W ActivityManager: getRunningAppProcesses: caller 10111 does not hold REAL_GET_TASKS; limiting output
03-17 16:15:19.993  1702  2644 I ActivityManager: cleanUpApplicationRecordLocked, reset pid: 12236, euid: 0
03-17 16:15:20.661  1702  1820 I DisplayPowerController: HBM brightnessOut =38
03-17 16:15:21.126  1702  2250 D ActivityManager: ActivityManagerService,attachApplication,callingPid = 13003
03-17 16:15:21.566  1702  1820 I DisplayPowerController: HBM brightnessIn =38
03-17 16:15:22.136  1702  3693 W ActivityManager: getRunningAppProcesses: caller 10111 does not hold REAL_GET_TASKS; limiting output
03-17 16:15:22.517  1702 17630 W ActivityManager: getRunningAppProcesses: caller 10111 does not hold REAL_GET_TASKS; limiting output
03-17 16:15:25.015  1702 17622 W ActivityManager: getTasks: caller 10111 does not hold REAL_GET_TASKS; limiting output
03-17 16:15:25.170  1702 14638 D WindowManager: interceptKeyBeforeQueueing: key 4 , result : 1
03-17 16:15:25.265  1702  2107 D WindowManager: interceptKeyTq keycode=4 interactive=true keyguardActive=false policyFlags=2b000002 down false canceled false
03-17 16:15:25.336  2227  2227 V PhoneStatusBar: setLightsOn(true)
03-17 16:15:25.482  1702 27353 D WindowManager: interceptKeyBeforeQueueing: key 4 , result : 1
03-17 16:15:25.821 23650 23689 V AudioManager: isMusicActive...
03-17 16:15:26.154  1702  2105 D PowerManagerService: ready=true,policy=3,wakefulness=1,wksummary=0x0,uasummary=0x1,bootcompleted=true,boostinprogress=false,waitmodeenable=false,mode=false,manual=38,auto=-1,adj=0.0userId=0
03-17 16:15:26.272  1702  2105 D PowerManagerService: userActivityNoUpdateLocked: eventTime=261950909, event=0, flags=0x0, uid=1000
03-17 16:15:26.295  2227  2227 V PhoneStatusBar: setLightsOn(true)
03-17 16:15:26.317  2227  2227 V PhoneStatusBar: setLightsOn(true)
03-17 16:15:26.376  1702 14640 I WindowManager: Taking screenshot from Surface with crop:[Rect(0, 48 - 720, 1208)], width:[432], height:[696], minLayer:[21000], maxLayer:[21080], inRotation:[false], rot:[0]
03-17 16:15:26.475  2227  2227 I StackScrollAlgorithm: updateDimmedActivatedHideSensitive overlap:false
03-17 16:15:26.530  1702  2639 D ActivityManager: getRecentTasks: num=20,flags=62,totalTasks=46
03-17 16:15:26.577  2227  2227 I PhoneStatusBar: setSystemUiVisibility vis=c0000700 mask=ffffffff oldVal=708 newVal=c0000700 diff=c0000008 fullscreenStackVis=0 dockedStackVis=0, fullscreenStackBounds=Rect(0, 0 - 720, 1280), dockedStackBounds=Rect(0, 0 - 0, 0)
03-17 16:15:26.698  2626  3848 I PhoneInterfaceManager: shouldBlockLocation  ret:false
03-17 16:15:26.946  1702  2558 I WindowManager: Destroying surface Surface(name=com.tencent.mobileqq/com.tencent.mobileqq.activity.SplashActivity) called by com.android.server.wm.WindowStateAnimator.destroySurface:2060 com.android.server.wm.WindowStateAnimator.destroySurfaceLocked:913 com.android.server.wm.WindowState.destroyOrSaveSurface:2201 com.android.server.wm.AppWindowToken.destroySurfaces:374 com.android.server.wm.AppWindowToken.notifyAppStopped:400 com.android.server.wm.WindowManagerService.notifyAppStopped:4869 com.android.server.am.ActivityStack.activityStoppedLocked:1393 com.android.server.am.ActivityManagerService.activityStopped:7690 
03-17 16:15:27.179  1702  3137 D PowerManagerService: ready=true,policy=3,wakefulness=1,wksummary=0x1,uasummary=0x1,bootcompleted=true,boostinprogress=false,waitmodeenable=false,mode=false,manual=38,auto=-1,adj=0.0userId=0
03-17 16:15:27.198  1702 17632 D PowerManagerService: Releasing suspend blocker "PowerManagerService.WakeLocks".
03-17 16:15:27.305  2626  2808 W PhoneInterfaceManager: shouldBlockLocation running ...
03-17 16:15:27.830  1702 27365 I ActivityManager: cleanUpApplicationRecordLocked, reset pid: 13094, euid: 0
03-17 16:15:28.790  1702  1820 I DisplayPowerController: HBM brightnessOut =38
03-17 16:15:29.392  1702  1820 I DisplayPowerController: HBM brightnessIn =38
03-17 16:15:29.995  1702  1820 I DisplayPowerController: HBM brightnessOut =38
03-17 16:15:30.599  1702  1820 I DisplayPowerController: HBM brightnessOut =38
03-17 16:15:31.202  1702  1820 D DisplayPowerController: Animating brightness: target=38, rate=200
03-17 16:15:33.424  1702  1702 I NotificationManager: enqueueNotificationInternal: n.getKey = 0|com.tencent.mobileqq|121|null|10111
03-17 16:15:33.527  2227  2227 I PhoneStatusBar: suspendAutohide
03-17 16:15:33.554  2227  2227 I StackScrollAlgorithm: updateClipping isOverlap:false, getTopPadding=333.0, Translation=-429.0
03-17 16:15:34.297  2227  2318 I PhoneStatusBar: logNotificationVisibilityChanges runInThread start
03-17 16:15:36.843  1702  2105 D PowerManagerService: ready=true,policy=3,wakefulness=1,wksummary=0x0,uasummary=0x1,bootcompleted=true,boostinprogress=false,waitmodeenable=false,mode=false,manual=38,auto=-1,adj=0.0userId=0
03-17 16:15:36.938  1702  2113 D PowerManagerService: Acquiring suspend blocker "PowerManagerService.WakeLocks".
03-17 16:15:37.079  2227  2227 I PhoneStatusBar: notifyUiVisibilityChanged:vis=0x80000608, SystemUiVisibility=0x80000608
03-17 16:15:37.138  1702 10454 D ActivityManager: getRecentTasks: num=20,flags=62,totalTasks=46
03-17 16:15:37.178  2227  2227 I PhoneStatusBar: setSystemUiVisibility vis=40000600 mask=ffffffff oldVal=80000608 newVal=40000600 diff=c0000008 fullscreenStackVis=0 dockedStackVis=0, fullscreenStackBounds=Rect(0, 0 - 720, 1280), dockedStackBounds=Rect(0, 0 - 0, 0)
03-17 16:15:39.216  1702  2105 D PowerManagerService: ready=true,policy=3,wakefulness=1,wksummary=0x0,uasummary=0x1,bootcompleted=true,boostinprogress=false,waitmodeenable=false,mode=false,manual=38,auto=-1,adj=0.0userId=0
03-17 16:15:39.444  1702  2618 D WindowManager: ACTIVITY check resid: com.example.android.notepad, size=0
03-17 16:15:39.589  2227  2227 I StackScrollAlgorithm: updateDimmedActivatedHideSensitive overlap:true
03-17 16:15:39.599  2227  2318 I PhoneStatusBar: logNotificationVisibilityChanges runInThread start
03-17 16:15:42.379  1702  2105 D PowerManagerService: userActivityNoUpdateLocked: eventTime=261967011, event=2, flags=0x0, uid=1000
03-17 16:15:44.296  1702  2105 D PowerManagerService: ready=true,policy=3,wakefulness=1,wksummary=0x0,uasummary=0x1,bootcompleted=true,boostinprogress=false,waitmodeenable=false,mode=false,manual=38,auto=-1,adj=0.0userId=0
03-17 16:15:45.944  1702  1820 I DisplayPowerController: HBM brightnessIn =38
03-17 16:15:46.333  1702  2105 D PowerManagerService: ready=true,policy=3,wakefulness=1,wksummary=0x0,uasummary=0x1,bootcompleted=true,boostinprogress=false,waitmodeenable=false,mode=false,manual=38,auto=-1,adj=0.0userId=0
03-17 16:15:47.410  2227  2227 I PhoneStatusBar: setSystemUiVisibility vis=40000000 mask=ffffffff oldVal=40000600 newVal=40000000 diff=600 fullscreenStackVis=0 dockedStackVis=0, fullscreenStackBounds=Rect(0, 0 - 720, 1280), dockedStackBounds=Rect(0, 0 - 0, 0)
03-17 16:15:47.524  1702 10454 D WindowManager: interceptKeyTq keycode=3 interactive=true keyguardActive=false policyFlags=2b000002 down true canceled false
03-17 16:15:47.589  1702  3697 D WindowManager: interceptKeyTq keycode=3 interactive=true keyguardActive=false policyFlags=2b000002 down false canceled false
03-17 16:15:47.630  2227  2227 I PanelView: cancelPeek: false
03-17 16:15:47.746  1702 17621 I WindowManager: Application requested orientation 1, got rotation 0 which has compatible metrics
03-17 16:15:47.945  2227  2227 I StackScrollAlgorithm: updateClipping isOverlap:false, getTopPadding=333.0, Translation=-24.0
03-17 16:15:47.974  1702 17630 D ActivityManager: Skipping, withExcluded: false, tr.intent:Intent { act=android.intent.action.VIEW dat=file:///storage/emulated/0/Tencent/QQfile_recv/b.apk typ=application/vnd.android.package-archive flg=0x10800000 cmp=com.android.packageinstaller/.PackageInstallerActivity (has extras) }
03-17 16:15:47.989  1702  2558 D ActivityManager: getRecentTasks: topActivity=ComponentInfo{com.example.android.notepad/com.example.android.notepad.NoteEditor}
03-17 16:15:48.242  1702  2556 D PowerManagerService: ready=true,policy=3,wakefulness=1,wksummary=0x0,uasummary=0x1,bootcompleted=true,boostinprogress=false,waitmodeenable=false,mode=false,manual=38,auto=-1,adj=0.0userId=0
03-17 16:15:48.654  1702  2105 D PowerManagerService: userActivityNoUpdateLocked: eventTime=261973289, event=2, flags=0x0, uid=1000
03-17 16:15:48.689  2227  2227 I PhoneStatusBar: resumeSuspendedAutohide
03-17 16:15:48.716  1702  2105 D PowerManagerService: ready=true,policy=3,wakefulness=1,wksummary=0x0,uasummary=0x1,bootcompleted=true,boostinprogress=false,waitmodeenable=false,mode=false,manual=38,auto=-1,adj=0.0userId=0
03-17 16:15:49.205  1702  2105 D PowerManagerService: ready=true,policy=3,wakefulness=1,wksummary=0x0,uasummary=0x1,bootcompleted=true,boostinprogress=false,waitmodeenable=false,mode=false,manual=38,auto=-1,adj=0.0userId=0
03-17 16:15:49.228  1702  2250 D PowerManagerService: Acquiring suspend blocker "PowerManagerService.WakeLocks".
03-17 16:15:49.465  2227  2227 I PhoneStatusBar: notifyUiVisibilityChanged:vis=0x80000508, SystemUiVisibility=0x80000508
03-17 16:15:49.498  1702  2633 D ActivityManager: Skipping, withExcluded: false, tr.intent:Intent { act=com.android.contacts.action.CHOOSE_SUB dat=tel:xxxxxxxxxxx flg=0x10808000 cmp=com.android.contacts/.ChooseSubActivity (has extras) }
03-17 16:15:49.508  1702 17621 D ActivityManager: getRecentTasks: num=10,flags=62,totalTasks=46
03-17 16:15:49.527  1702  1702 I NotificationManager: cancelNotificationLocked called,tell the app,reason = 8
03-17 16:15:49.535  1702  1702 I NotificationManager: cancelNotification,index:-1
03-17 16:15:49.552  1702  1702 I NotificationManager: cancelNotification,index:-1
03-17 16:15:49.562  2227  2227 V PhoneStatusBar: setLightsOn(true)
03-17 16:15:49.568  2227  2227 I PhoneStatusBar: animateCollapsePanels:flags=0, force=false, delayed=false, mExpandedVisible=false
03-17 16:15:49.577  1702  2618 D PowerManagerService: Releasing suspend blocker "PowerManagerService.WakeLocks".
03-17 16:15:49.593  1702 17632 I NotificationManager: cancelNotificationWithTag pid 28601,uid = 10111,tag = null,pkg =com.tencent.mobileqq,id =193
03-17 16:15:49.678  2227  2227 I PhoneStatusBar: setSystemUiVisibility vis=0 mask=1 oldVal=40000500 newVal=40000500 diff=0 fullscreenStackVis=0 dockedStackVis=0, fullscreenStackBounds=Rect(0, 0 - 0, 0), dockedStackBounds=Rect(0, 0 - 0, 0)
03-17 16:15:50.444  1702  2105 D PowerManagerService: ready=true,policy=3,wakefulness=1,wksummary=0x0,uasummary=0x1,bootcompleted=true,boostinprogress=false,waitmodeenable=false,mode=false,manual=38,auto=-1,adj=0.0userId=0
03-17 16:15:50.757  1702  1820 D DisplayPowerController: Animating brightness: target=38, rate=200
03-17 16:15:51.192  2626  2643 W PhoneInterfaceManager: shouldBlockLocation running ...
03-17 16:15:51.546  1702  2105 D PowerManagerService: userActivityNoUpdateLocked: eventTime=261976180, event=2, flags=0x0, uid=1000
03-17 16:15:51.708  2227  2227 V PhoneStatusBar: setLightsOn(true)
03-17 16:15:51.792  2227  2227 I PhoneStatusBar: setSystemUiVisibility vis=0 mask=1 oldVal=40000500 newVal=40000500 diff=0 fullscreenStackVis=0 dockedStackVis=0, fullscreenStackBounds=Rect(0, 0 - 0, 0), dockedStackBounds=Rect(0, 0 - 0, 0)
03-17 16:15:51.839  2227  2227 V PhoneStatusBar: setLightsOn(true)
03-17 16:15:51.879  2227  2227 I PhoneStatusBar: setSystemUiVisibility vis=0 mask=1 oldVal=40000500 newVal=40000500 diff=0 fullscreenStackVis=0 dockedStackVis=0, fullscreenStackBounds=Rect(0, 0 - 0, 0), dockedStackBounds=Rect(0, 0 - 0, 0)
03-17 16:15:51.942  2227  2227 V PhoneStatusBar: setLightsOn(true)
03-17 16:15:52.380  2227  2227 I PhoneStatusBar: setSystemUiVisibility vis=0 mask=1 oldVal=40000500 newVal=40000500 diff=0 fullscreenStackVis=0 dockedStackVis=0, fullscreenStackBounds=Rect(0, 0 - 0, 0), dockedStackBounds=Rect(0, 0 - 0, 0)
03-17 16:15:52.546  2227  2227 V PhoneStatusBar: setLightsOn(true)
03-17 16:15:53.180  2227  2227 V PhoneStatusBar: setLightsOn(true)
03-17 16:15:54.721  1702  2105 D PowerManagerService: ready=true,policy=3,wakefulness=1,wksummary=0x0,uasummary=0x1,bootcompleted=true,boostinprogress=false,waitmodeenable=false,mode=false,manual=38,auto=-1,adj=0.0userId=0
03-17 16:15:55.046  1702 17632 W ActivityManager: getRunningAppProcesses: caller 10111 does not hold REAL_GET_TASKS; limiting output
03-17 16:15:55.751  2227  2227 I PhoneStatusBar: setSystemUiVisibility vis=0 mask=1 oldVal=40000500 newVal=40000500 diff=0 fullscreenStackVis=0 dockedStackVis=0, fullscreenStackBounds=Rect(0, 0 - 0, 0), dockedStackBounds=Rect(0, 0 - 0, 0)
03-17 16:15:55.992  2227  2227 I PhoneStatusBar: setSystemUiVisibility vis=0 mask=1 oldVal=40000500 newVal=40000500 diff=0 fullscreenStackVis=0 dockedStackVis=0, fullscreenStackBounds=Rect(0, 0 - 0, 0), dockedStackBounds=Rect(0, 0 - 0, 0)
03-17 16:15:56.351  2227  2227 V PhoneStatusBar: setLightsOn(true)
03-17 16:15:56.883  2227  2227 I PhoneStatusBar: setSystemUiVisibility vis=0 mask=1 oldVal=40000500 newVal=40000500 diff=0 fullscreenStackVis=0 dockedStackVis=0, fullscreenStackBounds=Rect(0, 0 - 0, 0), dockedStackBounds=Rect(0, 0 - 0, 0)
03-17 16:15:58.224  2227  2227 I PhoneStatusBar: setSystemUiVisibility vis=0 mask=1 oldVal=40000500 newVal=40000500 diff=0 fullscreenStackVis=0 dockedStackVis=0, fullscreenStackBounds=Rect(0, 0 - 0, 0), dockedStackBounds=Rect(0, 0 - 0, 0)
03-17 16:15:58.414  1702  2105 D PowerManagerService: ready=true,policy=3,wakefulness=1,wksummary=0x0,uasummary=0x1,bootcompleted=true,boostinprogress=false,waitmodeenable=false,mode=false,manual=38,auto=-1,adj=0.0userId=0
03-17 16:15:58.583  1702  1820 D DisplayPowerController: Animating brightness: target=38, rate=200
03-17 16:15:58.884  1702  1820 D DisplayPowerController: Animating brightness: target=38, rate=200
03-17 16:15:59.186  1702  1820 D DisplayPowerController: Animating brightness: target=38, rate=200
03-17 16:15:59.850  1702  2105 D PowerManagerService: userActivityNoUpdateLocked: eventTime=261984484, event=2, flags=0x0, uid=1000
03-17 16:16:00.031  2227  2227 I StackScrollAlgorithm: updateClipping isOverlap:false, getTopPadding=333.0, Translation=0.0
03-17 16:16:00.090  1702  1820 I DisplayPowerController: HBM brightnessOut =38
03-17 16:16:00.338  1702  1737 D PowerManagerService: acquire lock=191063310, flags=0x1, tag="AudioMix", name=audioserver, ws=null, uid=1041, pid=0
03-17 16:16:00.368  1702  1737 D PowerManagerService: ready=true,policy=3,wakefulness=1,wksummary=0x1,uasummary=0x1,bootcompleted=true,boostinprogress=false,waitmodeenable=false,mode=false,manual=38,auto=-1,adj=0.0userId=0
03-17 16:16:00.489  7111  7111 I MediaPlayer: setDataSource(166, 0, 576460752303423487)
03-17 16:16:00.520  7111  7111 V AudioManager: getStreamVolume  treamType: 5
03-17 16:16:00.693  1702  1820 D DisplayPowerController: Animating brightness: target=38, rate=200
03-17 16:16:01.105  2227  2227 V PhoneStatusBar: setLightsOn(true)
03-17 16:16:01.295  1702  1820 I DisplayPowerController: HBM brightnessOut =38
03-17 16:16:01.530 28601 28601 V AudioManager: playSoundEffect   effectType: 0
03-17 16:16:01.899  1702  1820 D DisplayPowerController: Animating brightness: target=38, rate=200
03-17 16:16:02.502  1702  1820 I DisplayPowerController: HBM brightnessOut =38
03-17 16:16:02.895  1702  1820 D PowerManagerService: updateIsPoweredLocked: wasPowered=false, mIsPowered=false, oldPlugType=0, mPlugType=0, mBatteryLevel=23
03-17 16:16:02.899  1702  2121 D WifiController: DefaultState what=155652
03-17 16:16:02.928  1702 27365 D PowerManagerService: ready=true,policy=3,wakefulness=1,wksummary=0x1,uasummary=0x1,bootcompleted=true,boostinprogress=false,waitmodeenable=false,mode=false,manual=38,auto=-1,adj=0.0userId=0
03-17 16:16:03.352  1702  8303 D PowerManagerService: ready=true,policy=3,wakefulness=1,wksummary=0x1,uasummary=0x1,bootcompleted=true,boostinprogress=false,waitmodeenable=false,mode=false,manual=38,auto=-1,adj=0.0userId=0
03-17 16:16:03.361  1702 17622 D PowerManagerService: Releasing suspend blocker "PowerManagerService.WakeLocks".
03-17 16:16:03.707  1702  1820 I DisplayPowerController: HBM brightnessOut =38
03-17 16:16:04.106  1702  2105 D PowerManagerService: userActivityNoUpdateLocked: eventTime=261988739, event=1, flags=0x0, uid=1000
03-17 16:16:04.165  2227  2318 V AudioManager: querySoundEffectsEnabled...
03-17 16:16:04.190  2227  2227 I PanelView: cancelPeek: false
03-17 16:16:04.213  2227  2227 I PhoneStatusBar: setSystemUiVisibility vis=0 mask=1 oldVal=40000500 newVal=40000500 diff=0 fullscreenStackVis=0 dockedStackVis=0, fullscreenStackBounds=Rect(0, 0 - 0, 0), dockedStackBounds=Rect(0, 0 - 0, 0)
03-17 16:16:04.399  1702  1736 I WindowManager: The change in focus caused us to need to do a layout begin
03-17 16:16:04.459  1702  2633 D ActivityManager: Skipping, withExcluded: false, tr.intent:Intent { flg=0x10804000 cmp=com.android.systemui/.recents.RecentsActivity bnds=[264,444][920,908] }
03-17 16:16:04.460  1702  2633 D ActivityManager: getRecentTasks: topActivity=ComponentInfo{com.tencent.mobileqq/com.tencent.mobileqq.activity.SplashActivity}
03-17 16:16:04.541  2227  2227 I PhoneStatusBar: cancelAutohide
03-17 16:16:04.606  1702  1702 I NotificationManager: enqueueNotificationInternal: n.getKey = 0|com.tencent.mm|4097|null|10112
03-17 16:16:04.772  2227  2227 I PhoneStatusBar: updateNotificationShade: total=0, active=0
03-17 16:16:04.808  1702 27365 I NotificationManager: onNotificationExpansionChanged called
03-17 16:16:05.061  1702  3697 W ActivityManager: getTasks: caller 10111 does not hold REAL_GET_TASKS; limiting output
03-17 16:16:05.514  1702  2096 D PowerManagerService: ready=true,policy=3,wakefulness=1,wksummary=0x1,uasummary=0x1,bootcompleted=true,boostinprogress=false,waitmodeenable=false,mode=false,manual=38,auto=-1,adj=0.0userId=0
03-17 16:16:05.591  2227  2227 I StackScrollAlgorithm: updateDimmedActivatedHideSensitive overlap:false
03-17 16:16:06.671  1702  2105 D PowerManagerService: ready=true,policy=3,wakefulness=1,wksummary=0x0,uasummary=0x1,bootcompleted=true,boostinprogress=false,waitmodeenable=false,mode=false,manual=38,auto=-1,adj=0.0userId=0
03-17 16:16:06.734  1702  1820 D DisplayPowerController: Animating brightness: target=38, rate=200
03-17 16:16:06.761  2227  2227 I PanelView: cancelPeek: false
03-17 16:16:06.764  2227  2318 I PhoneStatusBar: logNotificationVisibilityChanges runInThread over
03-17 16:16:06.781  2227  2227 D PhoneStatusBar: makeExpandedInvisible: mExpandedVisible=true
03-17 16:16:06.784  2227  2227 I PanelView: closeQs
03-17 16:16:06.794  2227  2227 I StackScrollAlgorithm: updateDimmedActivatedHideSensitive overlap:true
03-17 16:16:06.872  1702  2639 E ActivityManager: applyOptionsLocked: Unknown animationType=0
03-17 16:16:07.071  1702  8671 D ActivityManager: Skipping, withExcluded: false, tr.intent:Intent { act=android.intent.action.VIEW dat=file:///storage/emulated/0/Tencent/QQfile_recv/b.apk typ=application/vnd.android.package-archive flg=0x10800000 cmp=com.android.packageinstaller/.PackageInstallerActivity (has extras) }
03-17 16:16:07.084  1702  3694 D ActivityManager: getRecentTasks: topActivity=ComponentInfo{com.tencent.mm/com.tencent.mm.ui.LauncherUI}
03-17 16:16:07.936  1702  1820 I DisplayPowerController: HBM brightnessIn =38
03-17 16:16:08.538  1702  1820 I DisplayPowerController: HBM brightnessOut =38
03-17 16:16:09.141  1702  1820 D DisplayPowerController: Animating brightness: target=38, rate=200