03-17 16:13:38.839  1702  2113 V WindowManager: Skipping AppWindowToken{df0798e token=Token{78af589 ActivityRecord{3b04890 u0 com.tencent.qt.qtl/com.tencent.video.player.activity.PlayerActivity t761}}} -- going to hide
03-17 16:13:38.881  2227  2227 D TextView: visible is system.message.count gt 0
03-17 16:13:38.928  2227  2227 I StackScrollAlgorithm: updateClipping isOverlap:false, getTopPadding=333.0, Translation=-24.0
03-17 16:13:38.955  2227  2227 I PhoneStatusBar: notifyUiVisibilityChanged:vis=0x40000500, SystemUiVisibility=0x40000500
03-17 16:13:39.070  1702  1815 I WindowManager: Screen frozen for +1s0ms due to Window{ca98d5 u0 com.tencent.qt.qtl/com.tencent.qt.qtl.activity.info.NewsDetailXmlActivity}
03-17 16:13:39.207  1702  1815 I WindowManager: Application requested orientation 1, got rotation 0 which has compatible metrics
03-17 16:13:40.190  1702  2250 D PowerManagerService: ready=true,policy=3,wakefulness=1,wksummary=0x1,uasummary=0x1,bootcompleted=true,boostinprogress=false,waitmodeenable=false,mode=false,manual=38,auto=-1,adj=0.0userId=0
03-17 16:13:40.308  2626 23469 I PhoneInterfaceManager: shouldBlockLocation  ret:false
03-17 16:13:40.334  1702 27357 D PowerManagerService: ready=true,policy=3,wakefulness=1,wksummary=0x1,uasummary=0x1,bootcompleted=true,boostinprogress=false,waitmodeenable=false,mode=false,manual=38,auto=-1,adj=0.0userId=0
03-17 16:13:41.481  1702 27357 D PowerManagerService: ready=true,policy=3,wakefulness=1,wksummary=0x0,uasummary=0x1,bootcompleted=true,boostinprogress=false,waitmodeenable=false,mode=false,manual=38,auto=-1,adj=0.0userId=0
03-17 16:13:45.310  2227  2227 I PhoneStatusBar: suspendAutohide
03-17 16:13:45.362  1702  3137 D WindowManager: interceptKeyBeforeQueueing: key 4 , result : 1
03-17 16:13:45.408  2227  2227 I PhoneStatusBar: cancelAutohide
03-17 16:13:45.599  1702  2556 D PowerManagerService: Releasing suspend blocker "PowerManagerService.WakeLocks".
03-17 16:13:46.146  2227  2227 I PhoneStatusBar: suspendAutohide
03-17 16:13:46.158  1702  2113 I NotificationManager: updateLightsLocked,turn off notificationLight
03-17 16:13:46.187  2227  2227 I StackScrollAlgorithm: updateDimmedActivatedHideSensitive overlap:true
03-17 16:13:46.250  2227  2227 I PanelView: onTrackingStarted
03-17 16:13:46.304  2227  2227 I PhoneStatusBar: suspendAutohide
03-17 16:13:46.318  2227  2227 I StackScrollAlgorithm: state.clipTopAmount:69, i:0
03-17 16:13:46.339  2227  2227 I StackScrollAlgorithm: updateDimmedActivatedHideSensitive overlap:true
03-17 16:13:46.370  2227  2227 I StackScrollAlgorithm: updateClipping isOverlap:false, getTopPadding=333.0, Translation=-293.0
03-17 16:13:46.398  2227  2227 I PanelView: onTouchEvent::1, x=296.0, y=327.0
03-17 16:13:46.417  2227  2227 I StackScrollAlgorithm: updateDimmedActivatedHideSensitive overlap:false
03-17 16:13:46.486  2227  2227 I StackScrollAlgorithm: updateClipping isOverlap:false, getTopPadding=333.0, Translation=-90.0
03-17 16:13:46.535  2227  2227 I StackScrollAlgorithm: updateDimmedActivatedHideSensitive overlap:false
03-17 16:13:46.601  2227  2227 I StackScrollAlgorithm: updateClipping isOverlap:false, getTopPadding=333.0, Translation=-6.0
03-17 16:13:46.653  2227  2227 I StackScrollAlgorithm: updateClipping isOverlap:false, getTopPadding=333.0, Translation=0.0
03-17 16:13:46.765  2227  2794 W KeyguardUpdateMonitor: registerCallback not in UI.
03-17 16:13:46.778  2626  2839 D PhoneInterfaceManager: [PhoneIntfMgr] getDataEnabled: subId=1 retVal=true
03-17 16:13:47.091  2227  2227 V AudioManager: playSoundEffect   effectType: 0
03-17 16:13:47.113  1702 17622 I ActivityManager: START u0 {act=com.tencent.mobileqq.action.MAINACTIVITY flg=0x14000000 cmp=com.tencent.mobileqq/.activity.SplashActivity (has extras)} from uid 10111 on display 0
03-17 16:13:47.149  1702 10454 I NotificationManager: onNotificationClick called
03-17 16:13:47.224  2227  2227 I PanelView: cancelPeek: false
03-17 16:13:47.287  2227  2227 I StackScrollAlgorithm: updateDimmedActivatedHideSensitive overlap:false
03-17 16:13:47.338  2227  2227 I StackScrollAlgorithm: updateDimmedActivatedHideSensitive overlap:false
03-17 16:13:47.396  2227  2227 I StackScrollAlgorithm: updateClipping isOverlap:false, getTopPadding=333.0, Translation=-270.0
03-17 16:13:47.410  1702 27357 I WindowManager: The change in focus caused us to need to do a layout begin
03-17 16:13:47.449  2227  2227 I PhoneStatusBar: cancelAutohide
03-17 16:13:47.460  2227  2227 I StackScrollAlgorithm: updateDimmedActivatedHideSensitive overlap:true
03-17 16:13:47.496  2227  2227 I PanelView: onExpandingFinished
03-17 16:13:47.517  1702  8671 D ActivityManager: Skipping, withExcluded: false, tr.intent:Intent { act=android.intent.action.MAIN flg=0x10840000 cmp=com.android.incallui/.InCallActivity (has extras) }
03-17 16:13:47.525  1702 27353 D PowerManagerService: ready=true,policy=3,wakefulness=1,wksummary=0x1,uasummary=0x1,bootcompleted=true,boostinprogress=false,waitmodeenable=false,mode=false,manual=38,auto=-1,adj=0.0userId=0
03-17 16:13:47.578  1702  1702 I NotificationManager: cancelNotification,index:-1
03-17 16:13:47.600  2227  2227 I PhoneStatusBar: cancelAutohide
03-17 16:13:47.601  2227  2227 I PanelView: closeQs
03-17 16:13:47.640  1702  3697 D PowerManagerService: release:lock=189667585, flg=0x0, tag="*launch*", name=android", ws=WorkSource{10111}, uid=1000, pid=1702
03-17 16:13:47.695  1702  1702 I NotificationManager: cancelNotification,index:-1
03-17 16:13:47.713  2227  2227 I StackScrollAlgorithm: updateClipping isOverlap:false, getTopPadding=333.0, Translation=0.0
03-17 16:13:47.810  2227  2227 V PhoneStatusBar: setLightsOn(true)
03-17 16:13:48.019  2227  2227 V PhoneStatusBar: setLightsOn(true)
03-17 16:13:50.107 23650 23685 V AudioManager: isMusicActive...
03-17 16:13:54.640  1702  8289 W ActivityManager: getRunningAppProcesses: caller 10113 does not hold REAL_GET_TASKS; limiting output
03-17 16:13:54.745  1702  1702 D PowerManagerService: ready=true,policy=3,wakefulness=1,wksummary=0x1,uasummary=0x1,bootcompleted=true,boostinprogress=false,waitmodeenable=false,mode=false,manual=38,auto=-1,adj=0.0userId=0
03-17 16:13:55.172  1702  1820 I DisplayPowerController: HBM brightnessIn =38
03-17 16:13:55.800 28601 28601 V AudioManager: isBluetoothA2dpOn...
03-17 16:13:55.836  1702 10454 W ActivityManager: getRunningAppProcesses: caller 10091 does not hold REAL_GET_TASKS; limiting output
03-17 16:13:55.882  2227  2514 V AudioManager: getLastAudibleStreamVolume  treamType: 2
03-17 16:13:55.896  1702  2113 W ActivityManager: getRunningAppProcesses: caller 10091 does not hold REAL_GET_TASKS; limiting output
03-17 16:13:55.937  1702  1737 I ActivityManager: cleanUpApplicationRecordLocked, pid: 12025, restart: false
03-17 16:13:56.080  1702 17621 W ActivityManager: getRunningAppProcesses: caller 10091 does not hold REAL_GET_TASKS; limiting output
03-17 16:13:58.797  1702  8303 D PowerManagerService: ready=true,policy=3,wakefulness=1,wksummary=0x0,uasummary=0x1,bootcompleted=true,boostinprogress=false,waitmodeenable=false,mode=false,manual=38,auto=-1,adj=0.0userId=0
03-17 16:14:00.022  2227  2227 I StackScrollAlgorithm: updateClipping isOverlap:false, getTopPadding=333.0, Translation=0.0
03-17 16:14:00.349  1702  1702 D PowerManagerService: Releasing suspend blocker "PowerManagerService.WakeLocks".
03-17 16:14:02.045  2227  2227 V PhoneStatusBar: setLightsOn(true)
03-17 16:14:02.080  2227  2227 I PhoneStatusBar: setSystemUiVisibility vis=0 mask=1 oldVal=40000500 newVal=40000500 diff=0 fullscreenStackVis=0 dockedStackVis=0, fullscreenStackBounds=Rect(0, 0 - 0, 0), dockedStackBounds=Rect(0, 0 - 0, 0)
03-17 16:14:02.136  2227  2227 V PhoneStatusBar: setLightsOn(true)
03-17 16:14:02.164  2227  2227 I PhoneStatusBar: setSystemUiVisibility vis=0 mask=1 oldVal=40000500 newVal=40000500 diff=0 fullscreenStackVis=0 dockedStackVis=0, fullscreenStackBounds=Rect(0, 0 - 0, 0), dockedStackBounds=Rect(0, 0 - 0, 0)
03-17 16:14:02.602  1702  2105 D PowerManagerService: userActivityNoUpdateLocked: eventTime=261867236, event=2, flags=0x0, uid=1000
03-17 16:14:02.818  2227  2227 I PhoneStatusBar: setSystemUiVisibility vis=0 mask=1 oldVal=40000500 newVal=40000500 diff=0 fullscreenStackVis=0 dockedStackVis=0, fullscreenStackBounds=Rect(0, 0 - 0, 0), dockedStackBounds=Rect(0, 0 - 0, 0)
03-17 16:14:03.115  2227  2227 V PhoneStatusBar: setLightsOn(true)
03-17 16:14:03.281  2227  2227 I PhoneStatusBar: setSystemUiVisibility vis=0 mask=1 oldVal=40000500 newVal=40000500 diff=0 fullscreenStackVis=0 dockedStackVis=0, fullscreenStackBounds=Rect(0, 0 - 0, 0), dockedStackBounds=Rect(0, 0 - 0, 0)
03-17 16:14:03.691  1702 27357 W ActivityManager: getRunningAppProcesses: caller 10091 does not hold REAL_GET_TASKS; limiting output
03-17 16:14:04.310  1702 14638 W ActivityManager: getRunningAppProcesses: caller 10111 does not hold REAL_GET_TASKS; limiting output
03-17 16:14:04.364  2227  2227 I PhoneStatusBar: setSystemUiVisibility vis=0 mask=1 oldVal=40000500 newVal=40000500 diff=0 fullscreenStackVis=0 dockedStackVis=0, fullscreenStackBounds=Rect(0, 0 - 0, 0), dockedStackBounds=Rect(0, 0 - 0, 0)
03-17 16:14:04.504  2227  2227 V PhoneStatusBar: setLightsOn(true)
03-17 16:14:05.038  1702  8671 W ActivityManager: getRunningAppProcesses: caller 10111 does not hold REAL_GET_TASKS; limiting output
03-17 16:14:05.616  2227  2227 V PhoneStatusBar: setLightsOn(true)
03-17 16:14:05.724  2227  2227 I PhoneStatusBar: setSystemUiVisibility vis=0 mask=1 oldVal=40000500 newVal=40000500 diff=0 fullscreenStackVis=0 dockedStackVis=0, fullscreenStackBounds=Rect(0, 0 - 0, 0), dockedStackBounds=Rect(0, 0 - 0, 0)
03-17 16:14:05.971  2227  2227 V PhoneStatusBar: setLightsOn(true)
03-17 16:14:06.043  2227  2227 V PhoneStatusBar: setLightsOn(true)
03-17 16:14:06.115  2227  2227 V PhoneStatusBar: setLightsOn(true)
03-17 16:14:06.311  1702  1820 D DisplayPowerController: Animating brightness: target=38, rate=200
03-17 16:14:06.916  1702  1820 I DisplayPowerController: HBM brightnessIn =38
03-17 16:14:07.710  2227  2227 V PhoneStatusBar: setLightsOn(true)
03-17 16:14:07.860  2227  2227 I PhoneStatusBar: setSystemUiVisibility vis=0 mask=1 oldVal=40000500 newVal=40000500 diff=0 fullscreenStackVis=0 dockedStackVis=0, fullscreenStackBounds=Rect(0, 0 - 0, 0), dockedStackBounds=Rect(0, 0 - 0, 0)
03-17 16:14:08.061  2227  2227 V PhoneStatusBar: setLightsOn(true)
03-17 16:14:08.102  1702 14638 D PowerManagerService: ready=true,policy=3,wakefulness=1,wksummary=0x1,uasummary=0x1,bootcompleted=true,boostinprogress=false,waitmodeenable=false,mode=false,manual=38,auto=-1,adj=0.0userId=0
03-17 16:14:08.234  3664  3807 D TelephonyManager: getNeighboringCellInfo calling app is com.amap.android.ams
03-17 16:14:08.263  2227  2227 I PhoneStatusBar: setSystemUiVisibility vis=0 mask=1 oldVal=40000500 newVal=40000500 diff=0 fullscreenStackVis=0 dockedStackVis=0, fullscreenStackBounds=Rect(0, 0 - 0, 0), dockedStackBounds=Rect(0, 0 - 0, 0)
03-17 16:14:08.278  2227  2227 V PhoneStatusBar: setLightsOn(true)
03-17 16:14:08.313  1702  1736 D PowerManagerService: Releasing suspend blocker "PowerManagerService.WakeLocks".
03-17 16:14:09.582  2227  2227 V PhoneStatusBar: setLightsOn(true)
03-17 16:14:09.955  1702  2113 W ActivityManager: getTasks: caller 10111 does not hold REAL_GET_TASKS; limiting output
03-17 16:14:10.787  2227  2227 I PhoneStatusBar: setSystemUiVisibility vis=0 mask=1 oldVal=40000500 newVal=40000500 diff=0 fullscreenStackVis=0 dockedStackVis=0, fullscreenStackBounds=Rect(0, 0 - 0, 0), dockedStackBounds=Rect(0, 0 - 0, 0)
03-17 16:14:12.931  1702  1820 D DisplayPowerController: Animating brightness: target=38, rate=200
03-17 16:14:15.076  2227  2227 I PhoneStatusBar: setSystemUiVisibility vis=0 mask=1 oldVal=40000500 newVal=40000500 diff=0 fullscreenStackVis=0 dockedStackVis=0, fullscreenStackBounds=Rect(0, 0 - 0, 0), dockedStackBounds=Rect(0, 0 - 0, 0)
03-17 16:14:16.223  1702  2105 D PowerManagerService: userActivityNoUpdateLocked: eventTime=261880856, event=2, flags=0x0, uid=1000
03-17 16:14:16.369  2227  2227 I PhoneStatusBar: setSystemUiVisibility vis=0 mask=1 oldVal=40000500 newVal=40000500 diff=0 fullscreenStackVis=0 dockedStackVis=0, fullscreenStackBounds=Rect(0, 0 - 0, 0), dockedStackBounds=Rect(0, 0 - 0, 0)
03-17 16:14:16.585  2227  2227 I PhoneStatusBar: setSystemUiVisibility vis=0 mask=1 oldVal=40000500 newVal=40000500 diff=0 fullscreenStackVis=0 dockedStackVis=0, fullscreenStackBounds=Rect(0, 0 - 0, 0), dockedStackBounds=Rect(0, 0 - 0, 0)
03-17 16:14:17.018  2227  2227 V PhoneStatusBar: setLightsOn(true)
03-17 16:14:19.038  2227  2227 V PhoneStatusBar: setLightsOn(true)
03-17 16:14:19.311  2227  2227 V PhoneStatusBar: setLightsOn(true)
03-17 16:14:19.898  2227  2227 V PhoneStatusBar: setLightsOn(true)
03-17 16:14:20.530  2227  2227 V PhoneStatusBar: setLightsOn(true)
03-17 16:14:21.183  1702  2105 D PowerManagerService: ready=true,policy=3,wakefulness=1,wksummary=0x0,uasummary=0x1,bootcompleted=true,boostinprogress=false,waitmodeenable=false,mode=false,manual=38,auto=-1,adj=0.0userId=0
03-17 16:14:21.466  2227  2227 V PhoneStatusBar: setLightsOn(true)
03-17 16:14:22.437  1702  2105 D PowerManagerService: ready=true,policy=3,wakefulness=1,wksummary=0x0,uasummary=0x1,bootcompleted=true,boostinprogress=false,waitmodeenable=false,mode=false,manual=38,auto=-1,adj=0.0userId=0
03-17 16:14:22.539  2227  2227 V PhoneStatusBar: setLightsOn(true)
03-17 16:14:22.675  2227  2227 I PhoneStatusBar: setSystemUiVisibility vis=0 mask=1 oldVal=40000500 newVal=40000500 diff=0 fullscreenStackVis=0 dockedStackVis=0, fullscreenStackBounds=Rect(0, 0 - 0, 0), dockedStackBounds=Rect(0, 0 - 0, 0)
03-17 16:14:24.967  1702 10454 W ActivityManager: getTasks: caller 10111 does not hold REAL_GET_TASKS; limiting output
03-17 16:14:27.047  1702  2096 D PowerManagerService: ready=true,policy=3,wakefulness=1,wksummary=0x1,uasummary=0x1,bootcompleted=true,boostinprogress=false,waitmodeenable=false,mode=false,manual=38,auto=-1,adj=0.0userId=0
03-17 16:14:27.162  1702  3693 D ActivityManager: cleanUpApplicationRecord -- 5784
03-17 16:14:27.171  1702  1736 I ActivityManager: cleanUpApplicationRecordLocked, reset pid: 23484, euid: 0
03-17 16:14:29.484  1702  1820 I DisplayPowerController: HBM brightnessOut =38
03-17 16:14:33.097  1702  1820 D DisplayPowerController: Animating brightness: target=38, rate=200
03-17 16:14:36.708  1702  1820 I DisplayPowerController: HBM brightnessIn =38
03-17 16:14:37.312  1702  1820 I DisplayPowerController: HBM brightnessOut =38
03-17 16:14:42.814  1702  8303 W ActivityManager: getRunningAppProcesses: caller 10111 does not hold REAL_GET_TASKS; limiting output
03-17 16:14:50.111 23650 23685 V AudioManager: isMusicActive...
03-17 16:14:55.819 23650 23689 V AudioManager: isMusicActive...
03-17 16:14:56.571  1702  1820 D DisplayPowerController: Animating brightness: target=38, rate=200
03-17 16:15:00.005  1702  1702 V AlarmManager: Received TIME_TICK alarm; rescheduling
03-17 16:15:00.064  2227  2227 D KeyguardUpdateMonitor: handleTimeUpdate
03-17 16:15:00.967  1702  3137 I AlarmManager: remove(PendingIntent{e4e2534: PendingIntentRecord{e204f60 com.android.phone broadcastIntent}}) changed bounds; rebatching
03-17 16:15:01.806  1702 27357 D PowerManagerService: Acquiring suspend blocker "PowerManagerService.WakeLocks".
03-17 16:15:01.866  1702  2633 D PowerManagerService: ready=true,policy=3,wakefulness=1,wksummary=0x1,uasummary=0x1,bootcompleted=true,boostinprogress=false,waitmodeenable=false,mode=false,manual=38,auto=-1,adj=0.0userId=0
03-17 16:15:02.018  1702  2113 D PowerManagerService: Releasing suspend blocker "PowerManagerService.WakeLocks".
03-17 16:15:02.043  1702  2618 D PowerManagerService: Releasing suspend blocker "PowerManagerService.WakeLocks".
03-17 16:15:02.065  1702  3137 D PowerManagerService: ready=true,policy=3,wakefulness=1,wksummary=0x1,uasummary=0x1,bootcompleted=true,boostinprogress=false,waitmodeenable=false,mode=false,manual=38,auto=-1,adj=0.0userId=0
03-17 16:15:02.896  1702  1820 I DisplayPowerController: HBM brightnessOut =38
03-17 16:15:05.382  1702  2633 D PowerManagerService: ready=true,policy=3,wakefulness=1,wksummary=0x0,uasummary=0x1,bootcompleted=true,boostinprogress=false,waitmodeenable=false,mode=false,manual=38,auto=-1,adj=0.0userId=0
03-17 16:15:05.687  1702  8290 D PowerManagerService: Releasing suspend blocker "PowerManagerService.WakeLocks".
03-17 16:15:06.006  1702 14638 D PowerManagerService: ready=true,policy=3,wakefulness=1,wksummary=0x1,uasummary=0x1,bootcompleted=true,boostinprogress=false,waitmodeenable=false,mode=false,manual=38,auto=-1,adj=0.0userId=0
03-17 16:15:06.154  2626  2809 I PhoneInterfaceManager: shouldBlockLocation  ret:false
03-17 16:15:06.211  1702 27353 D PowerManagerService: ready=true,policy=3,wakefulness=1,wksummary=0x0,uasummary=0x1,bootcompleted=true,boostinprogress=false,waitmodeenable=false,mode=false,manual=38,auto=-1,adj=0.0userId=0
03-17 16:15:06.224  1702  3693 D PowerManagerService: Releasing suspend blocker "PowerManagerService.WakeLocks".
03-17 16:15:06.807  1702  1820 I DisplayPowerController: HBM brightnessIn =38
03-17 16:15:07.854  1702  2395 D PowerManagerService: ready=true,policy=3,wakefulness=1,wksummary=0x1,uasummary=0x1,bootcompleted=true,boostinprogress=false,waitmodeenable=false,mode=false,manual=38,auto=-1,adj=0.0userId=0
03-17 16:15:07.969  2626  2838 I PhoneInterfaceManager: shouldBlockLocation  ret:false
03-17 16:15:08.062  2626  2839 W PhoneInterfaceManager: shouldBlockLocation running ...
03-17 16:15:08.080  2626  3848 I PhoneInterfaceManager: shouldBlockLocation  ret:false
03-17 16:15:15.844  1702  1820 I DisplayPowerController: HBM brightnessOut =38
03-17 16:15:19.879  1702  2555 W ActivityManager: getRunningAppProcesses: caller 10111 does not hold REAL_GET_TASKS; limiting output
03-17 16:15:19.993  1702  2644 I ActivityManager: cleanUpApplicationRecordLocked, pid: 12236, restart: false
03-17 16:15:20.661  1702  1820 I DisplayPowerController: HBM brightnessIn =38
03-17 16:15:21.065  1702  1765 I ActivityManager: Start proc 13003:com.tencent.mobileqq:qzone/u0a111 for service com.tencent.mobileqq/cooperation.qzone.remote.logic.QzoneWebPluginProxyService
03-17 16:15:21.323  1702 14638 W ActivityManager: getRunningAppProcesses: caller 10111 does not hold REAL_GET_TASKS; limiting output
03-17 16:15:22.122  1702 10454 W ActivityManager: getRunningAppProcesses: caller 10111 does not hold REAL_GET_TASKS; limiting output
03-17 16:15:22.425  1702  3137 W ActivityManager: getRunningAppProcesses: caller 10111 does not hold REAL_GET_TASKS; limiting output
03-17 16:15:25.011  1702  2556 W ActivityManager: getTasks: caller 10111 does not hold REAL_GET_TASKS; limiting output
03-17 16:15:25.170  1702 14638 D WindowManager: interceptKeyTq keycode=4 interactive=true keyguardActive=false policyFlags=2b000002 down true canceled false
03-17 16:15:25.262  2227  2227 I PhoneStatusBar: resumeSuspendedAutohide
03-17 16:15:25.331  2227  2227 I PhoneStatusBar: setSystemUiVisibility vis=0 mask=1 oldVal=40000500 newVal=40000500 diff=0 fullscreenStackVis=0 dockedStackVis=0, fullscreenStackBounds=Rect(0, 0 - 0, 0), dockedStackBounds=Rect(0, 0 - 0, 0)
03-17 16:15:25.482  1702 27353 D WindowManager: interceptKeyTq keycode=4 interactive=true keyguardActive=false policyFlags=2b000002 down true canceled false
03-17 16:15:25.550  2227  2318 V AudioManager: querySoundEffectsEnabled...
03-17 16:15:26.153  1702  2105 D PowerManagerService: userActivityNoUpdateLocked: eventTime=261950787, event=1, flags=0x0, uid=1000
03-17 16:15:26.253  2227  2318 V AudioManager: querySoundEffectsEnabled...
03-17 16:15:26.278  2227  2227 I PanelView: cancelPeek: false
03-17 16:15:26.304  2227  2227 I PhoneStatusBar: setSystemUiVisibility vis=0 mask=1 oldVal=40000500 newVal=40000500 diff=0 fullscreenStackVis=0 dockedStackVis=0, fullscreenStackBounds=Rect(0, 0 - 0, 0), dockedStackBounds=Rect(0, 0 - 0, 0)
03-17 16:15:26.375  1702  1820 D DisplayPowerController: Animating brightness: target=38, rate=200
03-17 16:15:26.475  2227  2227 I StackScrollAlgorithm: updateClipping isOverlap:false, getTopPadding=333.0, Translation=0.0
03-17 16:15:26.530  1702  2639 D ActivityManager: Skipping, withExcluded: false, tr.intent:Intent { act=android.intent.action.VIEW dat=file:///storage/emulated/0/Tencent/QQfile_recv/b.apk typ=application/vnd.android.package-archive flg=0x10800000 cmp=com.android.packageinstaller/.PackageInstallerActivity (has extras) }
03-17 16:15:26.542  1702 17630 D ActivityManager: getRecentTasks: topActivity=ComponentInfo{com.tencent.mobileqq/com.tencent.mobileqq.activity.SplashActivity}
03-17 16:15:26.698  2626  3848 W PhoneInterfaceManager: shouldBlockLocation running ...
03-17 16:15:26.920  2626  2839 I PhoneInterfaceManager: shouldBlockLocation  ret:false
03-17 16:15:27.175  2626  2809 I PhoneInterfaceManager: shouldBlockLocation  ret:false
03-17 16:15:27.198  1702 17632 D PowerManagerService: ready=true,policy=3,wakefulness=1,wksummary=0x0,uasummary=0x1,bootcompleted=true,boostinprogress=false,waitmodeenable=false,mode=false,manual=38,auto=-1,adj=0.0userId=0
03-17 16:15:27.284  2626  8682 I PhoneInterfaceManager: shouldBlockLocation  ret:false
03-17 16:15:27.830  1702 27365 I ActivityManager: cleanUpApplicationRecordLocked, pid: 13094, restart: false
03-17 16:15:28.790  1702  1820 I DisplayPowerController: HBM brightnessIn =38
03-17 16:15:29.173  2626  2643 I PhoneInterfaceManager: shouldBlockLocation  ret:false
03-17 16:15:29.995  1702  1820 I DisplayPowerController: HBM brightnessIn =38
03-17 16:15:30.599  1702  1820 I DisplayPowerController: HBM brightnessIn =38
03-17 16:15:31.202  1702  1820 I DisplayPowerController: HBM brightnessOut =38
03-17 16:15:33.419  1702  8290 I NotificationManager: enqueueNotificationInternal: pkg=com.tencent.mobileqq id=121 notification=Notification(pri=1 contentView=null vibrate=[100] sound=null tick defaults=0x0 flags=0x11 color=0x00000000 vis=PRIVATE)
03-17 16:15:33.527  2227  2227 D PhoneStatusBar: disable: < expand ICONS* alerts SYSTEM_INFO* back home recent clock navigationbar search quick_settings >
03-17 16:15:33.533  1702 17621 I NotificationManager: onNotificationExpansionChanged called
03-17 16:15:34.294  2227  2227 I StackScrollAlgorithm: updateDimmedActivatedHideSensitive overlap:false
03-17 16:15:36.842  1702  2105 D PowerManagerService: userActivityNoUpdateLocked: eventTime=261961476, event=2, flags=0x0, uid=1000
03-17 16:15:36.937  1702  2113 D PowerManagerService: ready=true,policy=3,wakefulness=1,wksummary=0x1,uasummary=0x1,bootcompleted=true,boostinprogress=false,waitmodeenable=false,mode=false,manual=38,auto=-1,adj=0.0userId=0
03-17 16:15:37.079  2227  2227 I PhoneStatusBar: cancelAutohide
03-17 16:15:37.138  1702 10454 D ActivityManager: Skipping, withExcluded: false, tr.intent:Intent { act=android.intent.action.VIEW dat=file:///storage/emulated/0/Tencent/QQfile_recv/b.apk typ=application/vnd.android.package-archive flg=0x10800000 cmp=com.android.packageinstaller/.PackageInstallerActivity (has extras) }
03-17 16:15:37.153  1702  2639 D ActivityManager: getRecentTasks: topActivity=ComponentInfo{com.example.android.notepad/com.example.android.notepad.NoteEditor}
03-17 16:15:39.215  1702  2105 D PowerManagerService: userActivityNoUpdateLocked: eventTime=261963848, event=2, flags=0x0, uid=1000
03-17 16:15:39.249  2227  2227 I StackScrollAlgorithm: updateDimmedActivatedHideSensitive overlap:true
03-17 16:15:39.589  2227  2227 I StackScrollAlgorithm: updateClipping isOverlap:true, getTopPadding=333.0, Translation=-553.0
03-17 16:15:39.598  2227  2227 I PanelView: closeQs
03-17 16:15:39.709  2227  2227 I StackScrollAlgorithm: updateDimmedActivatedHideSensitive overlap:false
03-17 16:15:44.295  1702  2105 D PowerManagerService: userActivityNoUpdateLocked: eventTime=261968928, event=2, flags=0x0, uid=1000
03-17 16:15:45.342  1702  1820 D DisplayPowerController: Animating brightness: target=38, rate=200
03-17 16:15:46.332  1702  2105 D PowerManagerService: userActivityNoUpdateLocked: eventTime=261970966, event=2, flags=0x0, uid=1000
03-17 16:15:47.405  1702 17621 D WindowManager: ACTIVITY check resid: com.example.android.notepad, size=1
03-17 16:15:47.521  2227  2227 I PhoneStatusBar: suspendAutohide
03-17 16:15:47.587  1702  8303 D PowerManagerService: ready=true,policy=3,wakefulness=1,wksummary=0x0,uasummary=0x1,bootcompleted=true,boostinprogress=false,waitmodeenable=false,mode=false,manual=38,auto=-1,adj=0.0userId=0
03-17 16:15:47.625  2227  2227 I PanelView: closeQs
03-17 16:15:47.746  1702 17621 I WindowManager: rotationForOrientationLw(orient=1, last=0); user=0 USER_ROTATION_LOCKED
03-17 16:15:47.932  2227  2227 I PhoneStatusBar: notifyUiVisibilityChanged:vis=0x708, SystemUiVisibility=0x708
03-17 16:15:47.974  1702 17630 D ActivityManager: Skipping, withExcluded: false, tr.intent:Intent { act=com.android.contacts.action.CHOOSE_SUB dat=tel:xxxxxxxxxxx flg=0x10808000 cmp=com.android.contacts/.ChooseSubActivity (has extras) }
03-17 16:15:47.989  1702  2558 D ActivityManager: getRecentTasks: num=10,flags=62,totalTasks=46
03-17 16:15:48.241  1702  2556 D PowerManagerService: release:lock=189667585, flg=0x0, tag="*launch*", name=android", ws=WorkSource{10057}, uid=1000, pid=1702
03-17 16:15:48.612  7111  7111 V AudioManager: getRingerMode...
03-17 16:15:48.660  1702  2105 D PowerManagerService: ready=true,policy=3,wakefulness=1,wksummary=0x0,uasummary=0x1,bootcompleted=true,boostinprogress=false,waitmodeenable=false,mode=false,manual=38,auto=-1,adj=0.0userId=0
03-17 16:15:48.715  1702  2105 D PowerManagerService: userActivityNoUpdateLocked: eventTime=261973352, event=0, flags=0x0, uid=1000
03-17 16:15:49.204  1702  2105 D PowerManagerService: userActivityNoUpdateLocked: eventTime=261973840, event=2, flags=0x0, uid=1000
03-17 16:15:49.228  1702  2250 D PowerManagerService: ready=true,policy=3,wakefulness=1,wksummary=0x1,uasummary=0x1,bootcompleted=true,boostinprogress=false,waitmodeenable=false,mode=false,manual=38,auto=-1,adj=0.0userId=0
03-17 16:15:49.465  2227  2227 I PhoneStatusBar: cancelAutohide
03-17 16:15:49.497  1702  2633 D ActivityManager: Skipping, withExcluded: false, tr.intent:Intent { flg=0x10800000 cmp=com.tencent.qqmusic/.business.lockscreen.LockScreenActivity (has extras) }
03-17 16:15:49.507  1702 17621 D ActivityManager: Skipping, withExcluded: false, tr.intent:Intent { flg=0x18800000 cmp=com.tencent.mm/.plugin.base.stub.WXEntryActivity (has extras) }
03-17 16:15:49.527  1702  1702 I NotificationManager: cancelNotification,cancelNotificationLocked,callingUid = 10111,callingPid = 28601
03-17 16:15:49.529  1702  1702 I NotificationManager: updateLightsLocked,turn off notificationLight
03-17 16:15:49.545  1702 14638 I NotificationManager: cancelNotificationWithTag pid 28601,uid = 10111,tag = null,pkg =com.tencent.mobileqq,id =129
03-17 16:15:49.562  2626  2808 W PhoneInterfaceManager: shouldBlockLocation running ...
03-17 16:15:49.568  2227  2227 I PhoneStatusBar: removeNotificationChildren
03-17 16:15:49.577  1702  2618 D PowerManagerService: ready=true,policy=3,wakefulness=1,wksummary=0x0,uasummary=0x1,bootcompleted=true,boostinprogress=false,waitmodeenable=false,mode=false,manual=38,auto=-1,adj=0.0userId=0
03-17 16:15:49.590  2227  2227 I PhoneStatusBar: setSystemUiVisibility vis=0 mask=1 oldVal=40000500 newVal=40000500 diff=0 fullscreenStackVis=0 dockedStackVis=0, fullscreenStackBounds=Rect(0, 0 - 0, 0), dockedStackBounds=Rect(0, 0 - 0, 0)
03-17 16:15:49.678  2227  2227 V PhoneStatusBar: setLightsOn(true)
03-17 16:15:50.442  1702  2105 D PowerManagerService: userActivityNoUpdateLocked: eventTime=261975077, event=2, flags=0x0, uid=1000
03-17 16:15:50.757  1702  1820 I DisplayPowerController: HBM brightnessOut =38
03-17 16:15:51.189  2626  3066 D PhoneInterfaceManager: getAllCellInfo is blocked by permission manager . callingPackage = com.tencent.mobileqq
03-17 16:15:51.359  1702  1820 D DisplayPowerController: Animating brightness: target=38, rate=200
03-17 16:15:51.699  2227  2227 I PhoneStatusBar: setSystemUiVisibility vis=0 mask=1 oldVal=40000500 newVal=40000500 diff=0 fullscreenStackVis=0 dockedStackVis=0, fullscreenStackBounds=Rect(0, 0 - 0, 0), dockedStackBounds=Rect(0, 0 - 0, 0)
03-17 16:15:51.792  2227  2227 V PhoneStatusBar: setLightsOn(true)
03-17 16:15:51.832  2227  2227 I PhoneStatusBar: setSystemUiVisibility vis=0 mask=1 oldVal=40000500 newVal=40000500 diff=0 fullscreenStackVis=0 dockedStackVis=0, fullscreenStackBounds=Rect(0, 0 - 0, 0), dockedStackBounds=Rect(0, 0 - 0, 0)
03-17 16:15:51.878  2227  2227 V PhoneStatusBar: setLightsOn(true)
03-17 16:15:51.926  2227  2227 I PhoneStatusBar: setSystemUiVisibility vis=0 mask=1 oldVal=40000500 newVal=40000500 diff=0 fullscreenStackVis=0 dockedStackVis=0, fullscreenStackBounds=Rect(0, 0 - 0, 0), dockedStackBounds=Rect(0, 0 - 0, 0)
03-17 16:15:52.379  2227  2227 V PhoneStatusBar: setLightsOn(true)
03-17 16:15:52.526  2227  2227 I PhoneStatusBar: setSystemUiVisibility vis=0 mask=1 oldVal=40000500 newVal=40000500 diff=0 fullscreenStackVis=0 dockedStackVis=0, fullscreenStackBounds=Rect(0, 0 - 0, 0), dockedStackBounds=Rect(0, 0 - 0, 0)
03-17 16:15:53.084  1702  2105 D PowerManagerService: ready=true,policy=3,wakefulness=1,wksummary=0x0,uasummary=0x1,bootcompleted=true,boostinprogress=false,waitmodeenable=false,mode=false,manual=38,auto=-1,adj=0.0userId=0
03-17 16:15:54.721  1702  2105 D PowerManagerService: userActivityNoUpdateLocked: eventTime=261979355, event=2, flags=0x0, uid=1000
03-17 16:15:55.033  2227  2227 I PhoneStatusBar: setSystemUiVisibility vis=0 mask=1 oldVal=40000500 newVal=40000500 diff=0 fullscreenStackVis=0 dockedStackVis=0, fullscreenStackBounds=Rect(0, 0 - 0, 0), dockedStackBounds=Rect(0, 0 - 0, 0)
03-17 16:15:55.751  2227  2227 V PhoneStatusBar: setLightsOn(true)
03-17 16:15:55.992  2227  2227 V PhoneStatusBar: setLightsOn(true)
03-17 16:15:56.291  1702  2105 D PowerManagerService: ready=true,policy=3,wakefulness=1,wksummary=0x0,uasummary=0x1,bootcompleted=true,boostinprogress=false,waitmodeenable=false,mode=false,manual=38,auto=-1,adj=0.0userId=0
03-17 16:15:56.882  2227  2227 V PhoneStatusBar: setLightsOn(true)
03-17 16:15:58.224  2227  2227 V PhoneStatusBar: setLightsOn(true)
03-17 16:15:58.413  1702  2105 D PowerManagerService: userActivityNoUpdateLocked: eventTime=261983047, event=2, flags=0x0, uid=1000
03-17 16:15:58.583  1702  1820 I DisplayPowerController: HBM brightnessOut =38
03-17 16:15:58.884  1702  1820 I DisplayPowerController: HBM brightnessOut =38
03-17 16:15:59.185  1702  1820 I DisplayPowerController: HBM brightnessOut =38
03-17 16:15:59.790  1702  1820 D DisplayPowerController: Animating brightness: target=38, rate=200
03-17 16:16:00.005  1702  1702 I AlarmManager: scheduleTimeTickEvent triggerAtTime = 509322332
03-17 16:16:00.090  1702  1820 I DisplayPowerController: HBM brightnessIn =38
03-17 16:16:00.289  1702  2250 I WindowManager: Destroying surface Surface(name=PopupWindow:317e46) called by com.android.server.wm.WindowStateAnimator.destroySurface:2060 com.android.server.wm.WindowStateAnimator.destroySurfaceLocked:913 com.android.server.wm.WindowState.removeLocked:1554 com.android.server.wm.WindowManagerService.removeWindowInnerLocked:2739 com.android.server.wm.WindowManagerService.removeWindowInnerLocked:2702 com.android.server.wm.WindowManagerService.removeWindowLocked:2691 com.android.server.wm.WindowManagerService.removeWindowLocked:2560 com.android.server.wm.WindowManagerService.removeWindow:2555 
03-17 16:16:00.367  1702  1737 D PowerManagerService: acquire lock=173466309, flags=0x1, tag="AudioMix", name=audioserver, ws=null, uid=1041, pid=0
03-17 16:16:00.484  2227  2227 I PhoneStatusBar: setSystemUiVisibility vis=0 mask=1 oldVal=40000500 newVal=40000500 diff=0 fullscreenStackVis=0 dockedStackVis=0, fullscreenStackBounds=Rect(0, 0 - 0, 0), dockedStackBounds=Rect(0, 0 - 0, 0)
03-17 16:16:00.514  2227  2227 I PhoneStatusBar: setSystemUiVisibility vis=0 mask=1 oldVal=40000500 newVal=40000500 diff=0 fullscreenStackVis=0 dockedStackVis=0, fullscreenStackBounds=Rect(0, 0 - 0, 0), dockedStackBounds=Rect(0, 0 - 0, 0)
03-17 16:16:00.693  1702  1820 I DisplayPowerController: HBM brightnessOut =38
03-17 16:16:01.098  1702  2633 I WindowManager: Destroying surface Surface(name=PopupWindow:317e46) called by com.android.server.wm.WindowStateAnimator.destroySurface:2060 com.android.server.wm.WindowStateAnimator.destroySurfaceLocked:913 com.android.server.wm.WindowState.removeLocked:1554 com.android.server.wm.WindowManagerService.removeWindowInnerLocked:2739 com.android.server.wm.WindowManagerService.removeWindowInnerLocked:2702 com.android.server.wm.WindowManagerService.removeWindowLocked:2691 com.android.server.wm.WindowManagerService.removeWindowLocked:2560 com.android.server.wm.WindowManagerService.removeWindow:2555 
03-17 16:16:01.295  1702  1820 I DisplayPowerController: HBM brightnessIn =38
03-17 16:16:01.470  1702  2105 D PowerManagerService: ready=true,policy=3,wakefulness=1,wksummary=0x1,uasummary=0x1,bootcompleted=true,boostinprogress=false,waitmodeenable=false,mode=false,manual=38,auto=-1,adj=0.0userId=0
03-17 16:16:01.899  1702  1820 I DisplayPowerController: HBM brightnessOut =38
03-17 16:16:02.502  1702  1820 I DisplayPowerController: HBM brightnessIn =38
03-17 16:16:02.802  1702  1820 D DisplayPowerController: Animating brightness: target=38, rate=200
03-17 16:16:02.899  1702  2121 D WifiController: ApStaDisabledState what=155652
03-17 16:16:02.903  1702  2618 D PowerManagerService: ready=true,policy=3,wakefulness=1,wksummary=0x1,uasummary=0x1,bootcompleted=true,boostinprogress=false,waitmodeenable=false,mode=false,manual=38,auto=-1,adj=0.0userId=0
03-17 16:16:03.351  1702  8303 D PowerManagerService: release:lock=149977903, flg=0x0, tag="AudioMix", name=audioserver", ws=null, uid=1041, pid=0
03-17 16:16:03.361  1702 17622 D PowerManagerService: ready=true,policy=3,wakefulness=1,wksummary=0x0,uasummary=0x1,bootcompleted=true,boostinprogress=false,waitmodeenable=false,mode=false,manual=38,auto=-1,adj=0.0userId=0
03-17 16:16:03.707  1702  1820 I DisplayPowerController: HBM brightnessIn =38
03-17 16:16:04.105  1702 27353 D WindowManager: interceptKeyBeforeQueueing: key 3 , result : 1
03-17 16:16:04.165  1702 10454 D WindowManager: interceptKeyBeforeQueueing: key 3 , result : 1
03-17 16:16:04.190  2227  2227 I PanelView: instantCollapse
03-17 16:16:04.212  2227  2227 V PhoneStatusBar: setLightsOn(true)
03-17 16:16:04.291  1702 17632 I WindowManager: Taking screenshot from Surface with crop:[Rect(0, 48 - 720, 1208)], width:[432], height:[696], minLayer:[21000], maxLayer:[21080], inRotation:[false], rot:[0]
03-17 16:16:04.420  2227  2227 I StackScrollAlgorithm: updateDimmedActivatedHideSensitive overlap:false
03-17 16:16:04.460  1702  2633 D ActivityManager: getRecentTasks: num=20,flags=62,totalTasks=46
03-17 16:16:04.540  2227  2227 I PhoneStatusBar: setSystemUiVisibility vis=c0000700 mask=ffffffff oldVal=708 newVal=c0000700 diff=c0000008 fullscreenStackVis=0 dockedStackVis=0, fullscreenStackBounds=Rect(0, 0 - 720, 1280), dockedStackBounds=Rect(0, 0 - 0, 0)
03-17 16:16:04.598  1702  2644 I NotificationManager: enqueueNotificationInternal: pkg=com.tencent.mm id=4097 notification=Notification(pri=1 contentView=null vibrate=[] sound=null tick defaults=0x0 flags=0x101 color=0x00000000 category=msg vis=PRIVATE)
03-17 16:16:04.769  2227  2227 I PhoneStatusBar: suspendAutohide
03-17 16:16:04.791  1702  3694 W ActivityManager: getTasks: caller 10111 does not hold REAL_GET_TASKS; limiting output
03-17 16:16:04.950  2227  2227 I StackScrollAlgorithm: updateDimmedActivatedHideSensitive overlap:false
03-17 16:16:05.512  1702  2096 I AlarmManager: sending alarm Alarm{2741459 type 3 when 509267844 PendingIntent{f75f81e: PendingIntentRecord{e204f60 com.android.phone broadcastIntent}}},repeatInterval = 0,listenerTag =null
03-17 16:16:05.590  2227  2227 I StackScrollAlgorithm: updateClipping isOverlap:false, getTopPadding=333.0, Translation=-497.0
03-17 16:16:06.670  1702  2105 D PowerManagerService: userActivityNoUpdateLocked: eventTime=261991304, event=2, flags=0x0, uid=1000
03-17 16:16:06.734  1702  1820 I DisplayPowerController: HBM brightnessOut =38
03-17 16:16:06.759  2227  2227 I PanelView: closeQs
03-17 16:16:06.763  1702  8303 I NotificationManager: onNotificationVisibilityChanged called
03-17 16:16:06.774  2227  2227 I StackScrollAlgorithm: updateDimmedActivatedHideSensitive overlap:true
03-17 16:16:06.783  2227  2227 I PhoneStatusBar: removeNotificationChildren
03-17 16:16:06.794  2227  2227 I StackScrollAlgorithm: updateClipping isOverlap:true, getTopPadding=333.0, Translation=-553.0
03-17 16:16:06.819  1702  1702 I NotificationManager: cancelNotification,index:0
03-17 16:16:07.070  1702  8671 D ActivityManager: Skipping, withExcluded: false, tr.intent:Intent { act=com.android.contacts.action.CHOOSE_SUB dat=tel:xxxxxxxxxxx flg=0x10808000 cmp=com.android.contacts/.ChooseSubActivity (has extras) }
03-17 16:16:07.084  1702  3694 D ActivityManager: getRecentTasks: num=10,flags=62,totalTasks=46
03-17 16:16:07.635  1702  1820 D DisplayPowerController: Animating brightness: target=38, rate=200
03-17 16:16:08.538  1702  1820 I DisplayPowerController: HBM brightnessIn =38
03-17 16:16:09.141  1702  1820 I DisplayPowerController: HBM brightnessOut =38
